Microchip MPLAB XC8 Compiler V2.36

Linker command line:

-W-3 --edf=/Applications/microchip/xc8/v2.36/pic/dat/en_msgs.txt \
  -pivt0x8=08h -cn \
  -h+dist/default/production/mcu-canbus-distance-sensor.production.sym \
  --cmf=dist/default/production/mcu-canbus-distance-sensor.production.cmf \
  -z -Q18F27Q84 -o/tmp/xcgmv550I --defsym=__MPLAB_BUILD=1 \
  -Mdist/default/production/mcu-canbus-distance-sensor.production.map \
  --md=/tmp/xcYAecWPY.dat -E1 -ver=XC8 Compiler --acfsm=1493 \
  -ACODE=00h-01FFFFh -ACONST=00h-01FFFFh -ASMALLCONST=03800h-038FFhx456 \
  -AMEDIUMCONST=03800h-0FFFFh,013800h-01FFFFh -ACOMRAM=0501h-055Fh \
  -AABS1=0500h-037FFh -ABIGRAM=0501h-037FFh \
  -ARAM=0560h-05FFh,0600h-06FFhx50 -ABANK5=0560h-05FFh -ABANK6=0600h-06FFh \
  -ABANK7=0700h-07FFh -ABANK8=0800h-08FFh -ABANK9=0900h-09FFh \
  -ABANK10=0A00h-0AFFh -ABANK11=0B00h-0BFFh -ABANK12=0C00h-0CFFh \
  -ABANK13=0D00h-0DFFh -ABANK14=0E00h-0EFFh -ABANK15=0F00h-0FFFh \
  -ABANK16=01000h-010FFh -ABANK17=01100h-011FFh -ABANK18=01200h-012FFh \
  -ABANK19=01300h-013FFh -ABANK20=01400h-014FFh -ABANK21=01500h-015FFh \
  -ABANK22=01600h-016FFh -ABANK23=01700h-017FFh -ABANK24=01800h-018FFh \
  -ABANK25=01900h-019FFh -ABANK26=01A00h-01AFFh -ABANK27=01B00h-01BFFh \
  -ABANK28=01C00h-01CFFh -ABANK29=01D00h-01DFFh -ABANK30=01E00h-01EFFh \
  -ABANK31=01F00h-01FFFh -ABANK32=02000h-020FFh -ABANK33=02100h-021FFh \
  -ABANK34=02200h-022FFh -ABANK35=02300h-023FFh -ABANK36=02400h-024FFh \
  -ABANK37=02500h-025FFh -ABANK38=02600h-026FFh -ABANK39=02700h-027FFh \
  -ABANK40=02800h-028FFh -ABANK41=02900h-029FFh -ABANK42=02A00h-02AFFh \
  -ABANK43=02B00h-02BFFh -ABANK44=02C00h-02CFFh -ABANK45=02D00h-02DFFh \
  -ABANK46=02E00h-02EFFh -ABANK47=02F00h-02FFFh -ABANK48=03000h-030FFh \
  -ABANK49=03100h-031FFh -ABANK50=03200h-032FFh -ABANK51=03300h-033FFh \
  -ABANK52=03400h-034FFh -ABANK53=03500h-035FFh -ABANK54=03600h-036FFh \
  -ABANK55=03700h-037FFh -ASFR=00h-0FFhx4,0400h-045Fh,0460h-04FFh \
  -ABIGSFR=00h-04FFh -ACONFIG=0300000h-0300023h -AIDLOC=0200000h-020001Fh \
  -AEEDATA=0380000h-03803FFh -peeprom_data=EEDATA -preset_vec=00h \
  -ppowerup=CODE,init -pramtop=03800h -psmallconst=SMALLCONST \
  -pmediumconst=MEDIUMCONST -pconst=CONST -AFARRAM=00h-00h \
  -prdata=COMRAM,nvrram=COMRAM,nvbit=COMRAM,rbss=COMRAM,rbit=COMRAM \
  -pfarbss=FARRAM,fardata=FARRAM,nvFARRAM=FARRAM \
  -pintsave_regs=BIGRAM,bigbss=BIGRAM,bigdata=BIGRAM -pbss=RAM \
  -pidata=CODE,irdata=CODE,ibigdata=CODE,ifardata=CODE -prparam=COMRAM \
  /tmp/xcnu2ga52.o \
  dist/default/production/mcu-canbus-distance-sensor.production.o 

Object code version is 3.11

Machine type is 18F27Q84



                Name                               Link     Load   Length Selector   Space Scale
/tmp/xcnu2ga52.o
                idloc                            200000   200000       20        0       5
                config                           300000   300000       24        0       4
                init                                 1A       1A        4        4       0
                reset_vec                             0        0        4        0       0
dist/default/production/mcu-canbus-distance-sensor.production.o
                idloc                            200000   200000       20        0       5
                config                           300000   300000       24        0       4
                smallconst                         3800     3800       6C     1C00       0
                ivt0x8                                8        8       12        4       0
                text104                            7FDC     7FDC       18     1C36       0
                text103                            80F2     80F2        A     1C36       0
                text102                            643C     643C      126     1C36       0
                text101                            789A     789A       5A     1C36       0
                text100                            59D8     59D8      246     1C36       0
                text99                             7C22     7C22       3E     1C36       0
                text98                             7584     7584       94     1C36       0
                text97                             7ED0     7ED0       28     1C36       0
                text96                             783A     783A       60     1C36       0
                text95                             7F74     7F74       1E     1C36       0
                text94                             7FC4     7FC4       18     1C36       0
                text93                             5C1E     5C1E      240     1C36       0
                text92                             6B50     6B50       EC     1C36       0
                text91                             799E     799E       52     1C36       0
                text90                             6DDA     6DDA       CA     1C36       0
                text89                             7030     7030       C4     1C36       0
                text88                             7772     7772       68     1C36       0
                text87                             78F4     78F4       56     1C36       0
                text86                             7E7E     7E7E       2A     1C36       0
                text85                             80E8     80E8        A     1C36       0
                text84                             8120     8120        6     1C36       0
                text83                             811A     811A        6     1C36       0
                text82                             8114     8114        6     1C36       0
                text81                             810E     810E        6     1C36       0
                text80                             8108     8108        6     1C36       0
                text79                             80DE     80DE        A     1C36       0
                text78                             80D4     80D4        A     1C36       0
                text77                             7D70     7D70       34     1C36       0
                text76                             8132     8132        2     1C36       0
                text75                             7D3C     7D3C       34     1C36       0
                text74                             8130     8130        2     1C36       0
                text73                             7B60     7B60       46     1C36       0
                text72                             812E     812E        2     1C36       0
                text71                             7D08     7D08       34     1C36       0
                text70                             7BE4     7BE4       3E     1C36       0
                text69                             77DA     77DA       60     1C36       0
                text68                             7CD4     7CD4       34     1C36       0
                text67                             7E54     7E54       2A     1C36       0
                text66                             8102     8102        6     1C36       0
                text65                             812C     812C        2     1C36       0
                text64                             812A     812A        2     1C36       0
                text63                             6F6A     6F6A       C6     1C36       0
                text62                             6A5E     6A5E       F2     1C36       0
                text61                             7DFE     7DFE       2C     1C36       0
                text60                             80CA     80CA        A     1C36       0
                text59                             74EC     74EC       98     1C36       0
                text58                             80B2     80B2        E     1C36       0
                text57                             80A4     80A4        E     1C36       0
                text56                             79F0     79F0       50     1C36       0
                text55                             7B18     7B18       48     1C36       0
                text54                             7DA4     7DA4       2E     1C36       0
                text53                             7FF4     7FF4       14     1C36       0
                text52                             794A     794A       54     1C36       0
                text51                             8126     8126        4     1C36       0
                text50                             7FAC     7FAC       18     1C36       0
                text49                             8096     8096        E     1C36       0
                text48                             8088     8088        E     1C36       0
                text47                             807A     807A        E     1C36       0
                text46                             725A     725A       B2     1C36       0
                text45                             7EA8     7EA8       28     1C36       0
                text44                             806C     806C        E     1C36       0
                text43                             7DD2     7DD2       2C     1C36       0
                text42                             7F56     7F56       1E     1C36       0
                text41                             805E     805E        E     1C36       0
                text40                             8050     8050        E     1C36       0
                text39                             8042     8042        E     1C36       0
                text38                             8034     8034        E     1C36       0
                text37                             73B8     73B8       9C     1C36       0
                text36                             7EF8     7EF8       22     1C36       0
                text35                             52E2     52E2      39C     1C36       0
                text34                             4E92     4E92      450     1C36       0
                text33                             49D0     49D0      4C2     1C36       0
                text32                             7AD0     7AD0       48     1C36       0
                text31                             6284     6284      1B8     1C36       0
                text30                             567E     567E      35A     1C36       0
                text29                             80C0     80C0        A     1C36       0
                text28                             7F38     7F38       1E     1C36       0
                text27                             7F1A     7F1A       1E     1C36       0
                text26                             6EA4     6EA4       C6     1C36       0
                text25                             71A8     71A8       B2     1C36       0
                text24                             730C     730C       AC     1C36       0
                text23                             666A     666A      106     1C36       0
                text22                             7C9A     7C9A       3A     1C36       0
                text21                             6562     6562      108     1C36       0
                text20                             6770     6770      100     1C36       0
                text19                             5E5E     5E5E      216     1C36       0
                text18                             7F92     7F92       1A     1C36       0
                text17                             8026     8026        E     1C36       0
                text16                             7454     7454       98     1C36       0
                text15                             7A88     7A88       48     1C36       0
                text14                             7BA6     7BA6       3E     1C36       0
                text13                             6D0E     6D0E       CC     1C36       0
                text12                             770A     770A       68     1C36       0
                text11                             7C60     7C60       3A     1C36       0
                text10                             7A40     7A40       48     1C36       0
                text9                              386C     386C      C7E     1C36       0
                text8                              6870     6870       FC     1C36       0
                text7                              696C     696C       F2     1C36       0
                text6                              6C3C     6C3C       D2     1C36       0
                text5                              6074     6074      210     1C36       0
                text4                              44EA     44EA      4E6     1C36       0
                text3                              7698     7698       72     1C36       0
                text2                              7E2A     7E2A       2A     1C36       0
                text1                              8018     8018        E     1C36       0
                text0                              70F4     70F4       B4     1C36       0
                cstackCOMRAM                        501      501       33      501       1
                cstackBANK5                         560      560       A0      560       1
                cstackBANK6                         688      688       20      600       1
                bssBIGRAM                           6C7      6C7      400      6C7       1
                dataBANK6                           6A8      6A8       10      600       1
                bssBANK6                            600      600       88      600       1
                dataCOMRAM                          559      559        6      501       1
                bssCOMRAM                           534      534       1C      501       1
                cinit                              7618     7618       80     1C36       0
                nvBANK6                             6B8      6B8        F      600       1
                nvCOMRAM                            550      550        9      501       1
                idataBANK6                         8008     8008       10     1C36       0
                idataCOMRAM                        80FC     80FC        6     1C36       0

TOTAL           Name                               Link     Load   Length     Space
        CLASS   CODE           
                init                                 1A       1A        4         0
                reset_vec                             0        0        4         0
                ivt0x8                                8        8       12         0
                text104                            7FDC     7FDC       18         0
                text103                            80F2     80F2        A         0
                text102                            643C     643C      126         0
                text101                            789A     789A       5A         0
                text100                            59D8     59D8      246         0
                text99                             7C22     7C22       3E         0
                text98                             7584     7584       94         0
                text97                             7ED0     7ED0       28         0
                text96                             783A     783A       60         0
                text95                             7F74     7F74       1E         0
                text94                             7FC4     7FC4       18         0
                text93                             5C1E     5C1E      240         0
                text92                             6B50     6B50       EC         0
                text91                             799E     799E       52         0
                text90                             6DDA     6DDA       CA         0
                text89                             7030     7030       C4         0
                text88                             7772     7772       68         0
                text87                             78F4     78F4       56         0
                text86                             7E7E     7E7E       2A         0
                text85                             80E8     80E8        A         0
                text84                             8120     8120        6         0
                text83                             811A     811A        6         0
                text82                             8114     8114        6         0
                text81                             810E     810E        6         0
                text80                             8108     8108        6         0
                text79                             80DE     80DE        A         0
                text78                             80D4     80D4        A         0
                text77                             7D70     7D70       34         0
                text76                             8132     8132        2         0
                text75                             7D3C     7D3C       34         0
                text74                             8130     8130        2         0
                text73                             7B60     7B60       46         0
                text72                             812E     812E        2         0
                text71                             7D08     7D08       34         0
                text70                             7BE4     7BE4       3E         0
                text69                             77DA     77DA       60         0
                text68                             7CD4     7CD4       34         0
                text67                             7E54     7E54       2A         0
                text66                             8102     8102        6         0
                text65                             812C     812C        2         0
                text64                             812A     812A        2         0
                text63                             6F6A     6F6A       C6         0
                text62                             6A5E     6A5E       F2         0
                text61                             7DFE     7DFE       2C         0
                text60                             80CA     80CA        A         0
                text59                             74EC     74EC       98         0
                text58                             80B2     80B2        E         0
                text57                             80A4     80A4        E         0
                text56                             79F0     79F0       50         0
                text55                             7B18     7B18       48         0
                text54                             7DA4     7DA4       2E         0
                text53                             7FF4     7FF4       14         0
                text52                             794A     794A       54         0
                text51                             8126     8126        4         0
                text50                             7FAC     7FAC       18         0
                text49                             8096     8096        E         0
                text48                             8088     8088        E         0
                text47                             807A     807A        E         0
                text46                             725A     725A       B2         0
                text45                             7EA8     7EA8       28         0
                text44                             806C     806C        E         0
                text43                             7DD2     7DD2       2C         0
                text42                             7F56     7F56       1E         0
                text41                             805E     805E        E         0
                text40                             8050     8050        E         0
                text39                             8042     8042        E         0
                text38                             8034     8034        E         0
                text37                             73B8     73B8       9C         0
                text36                             7EF8     7EF8       22         0
                text35                             52E2     52E2      39C         0
                text34                             4E92     4E92      450         0
                text33                             49D0     49D0      4C2         0
                text32                             7AD0     7AD0       48         0
                text31                             6284     6284      1B8         0
                text30                             567E     567E      35A         0
                text29                             80C0     80C0        A         0
                text28                             7F38     7F38       1E         0
                text27                             7F1A     7F1A       1E         0
                text26                             6EA4     6EA4       C6         0
                text25                             71A8     71A8       B2         0
                text24                             730C     730C       AC         0
                text23                             666A     666A      106         0
                text22                             7C9A     7C9A       3A         0
                text21                             6562     6562      108         0
                text20                             6770     6770      100         0
                text19                             5E5E     5E5E      216         0
                text18                             7F92     7F92       1A         0
                text17                             8026     8026        E         0
                text16                             7454     7454       98         0
                text15                             7A88     7A88       48         0
                text14                             7BA6     7BA6       3E         0
                text13                             6D0E     6D0E       CC         0
                text12                             770A     770A       68         0
                text11                             7C60     7C60       3A         0
                text10                             7A40     7A40       48         0
                text9                              386C     386C      C7E         0
                text8                              6870     6870       FC         0
                text7                              696C     696C       F2         0
                text6                              6C3C     6C3C       D2         0
                text5                              6074     6074      210         0
                text4                              44EA     44EA      4E6         0
                text3                              7698     7698       72         0
                text2                              7E2A     7E2A       2A         0
                text1                              8018     8018        E         0
                text0                              70F4     70F4       B4         0
                cinit                              7618     7618       80         0
                idataBANK6                         8008     8008       10         0
                idataCOMRAM                        80FC     80FC        6         0

        CLASS   CONST          

        CLASS   SMALLCONST     
                smallconst                         3800     3800       6C         0

        CLASS   MEDIUMCONST    

        CLASS   COMRAM         
                cstackCOMRAM                        501      501       33         1
                dataCOMRAM                          559      559        6         1
                bssCOMRAM                           534      534       1C         1
                nvCOMRAM                            550      550        9         1

        CLASS   ABS1           

        CLASS   BIGRAM         
                bssBIGRAM                           6C7      6C7      400         1

        CLASS   RAM            

        CLASS   BANK5          
                cstackBANK5                         560      560       A0         1

        CLASS   BANK6          
                cstackBANK6                         688      688       20         1
                dataBANK6                           6A8      6A8       10         1
                bssBANK6                            600      600       88         1
                nvBANK6                             6B8      6B8        F         1

        CLASS   BANK7          

        CLASS   BANK8          

        CLASS   BANK9          

        CLASS   BANK10         

        CLASS   BANK11         

        CLASS   BANK12         

        CLASS   BANK13         

        CLASS   BANK14         

        CLASS   BANK15         

        CLASS   BANK16         

        CLASS   BANK17         

        CLASS   BANK18         

        CLASS   BANK19         

        CLASS   BANK20         

        CLASS   BANK21         

        CLASS   BANK22         

        CLASS   BANK23         

        CLASS   BANK24         

        CLASS   BANK25         

        CLASS   BANK26         

        CLASS   BANK27         

        CLASS   BANK28         

        CLASS   BANK29         

        CLASS   BANK30         

        CLASS   BANK31         

        CLASS   BANK32         

        CLASS   BANK33         

        CLASS   BANK34         

        CLASS   BANK35         

        CLASS   BANK36         

        CLASS   BANK37         

        CLASS   BANK38         

        CLASS   BANK39         

        CLASS   BANK40         

        CLASS   BANK41         

        CLASS   BANK42         

        CLASS   BANK43         

        CLASS   BANK44         

        CLASS   BANK45         

        CLASS   BANK46         

        CLASS   BANK47         

        CLASS   BANK48         

        CLASS   BANK49         

        CLASS   BANK50         

        CLASS   BANK51         

        CLASS   BANK52         

        CLASS   BANK53         

        CLASS   BANK54         

        CLASS   BANK55         

        CLASS   SFR            

        CLASS   BIGSFR         

        CLASS   CONFIG         
                config                           300000   300000       24         4

        CLASS   IDLOC          
                idloc                            200000   200000       20         5

        CLASS   EEDATA         

        CLASS   FARRAM         

        CLASS   HEAP           

        CLASS   STACK          



SEGMENTS        Name                           Load    Length   Top    Selector   Space  Class

                reset_vec                      000000  000004  000004         0       0  CODE    
                bssBIGRAM                      0006C7  000400  000AC7       6C7       1  BIGRAM  
                text9                          00386C  0048C8  008134      1C36       0  CODE    
                ivt0x8                         000008  000016  00001E         4       0  CODE    
                cstackBANK5                    000560  0000A0  000600       560       1  BANK5   
                bssBANK6                       000600  0000C7  0006C7       600       1  BANK6   
                smallconst                     003800  00006C  00386C      1C00       0  SMALLCON
                cstackCOMRAM                   000501  00005E  00055F       501       1  COMRAM  


UNUSED ADDRESS RANGES

        Name                Unused          Largest block    Delta
        BANK10           000AC7-000AFF               39
        BANK11           000B00-000BFF              100
        BANK12           000C00-000CFF              100
        BANK13           000D00-000DFF              100
        BANK14           000E00-000EFF              100
        BANK15           000F00-000FFF              100
        BANK16           001000-0010FF              100
        BANK17           001100-0011FF              100
        BANK18           001200-0012FF              100
        BANK19           001300-0013FF              100
        BANK20           001400-0014FF              100
        BANK21           001500-0015FF              100
        BANK22           001600-0016FF              100
        BANK23           001700-0017FF              100
        BANK24           001800-0018FF              100
        BANK25           001900-0019FF              100
        BANK26           001A00-001AFF              100
        BANK27           001B00-001BFF              100
        BANK28           001C00-001CFF              100
        BANK29           001D00-001DFF              100
        BANK30           001E00-001EFF              100
        BANK31           001F00-001FFF              100
        BANK32           002000-0020FF              100
        BANK33           002100-0021FF              100
        BANK34           002200-0022FF              100
        BANK35           002300-0023FF              100
        BANK36           002400-0024FF              100
        BANK37           002500-0025FF              100
        BANK38           002600-0026FF              100
        BANK39           002700-0027FF              100
        BANK40           002800-0028FF              100
        BANK41           002900-0029FF              100
        BANK42           002A00-002AFF              100
        BANK43           002B00-002BFF              100
        BANK44           002C00-002CFF              100
        BANK45           002D00-002DFF              100
        BANK46           002E00-002EFF              100
        BANK47           002F00-002FFF              100
        BANK48           003000-0030FF              100
        BANK49           003100-0031FF              100
        BANK50           003200-0032FF              100
        BANK51           003300-0033FF              100
        BANK52           003400-0034FF              100
        BANK53           003500-0035FF              100
        BANK54           003600-0036FF              100
        BANK55           003700-0037FF              100
        BIGRAM           00055F-00055F                1
                         000AC7-0037FF             2D39
        BIGSFR           000000-0004FF              500
        CODE             000004-000007                4
                         00001E-0037FF             37E2
                         008134-01FFFF            17ECC
        COMRAM           00055F-00055F                1
        CONST            000004-000007                4
                         00001E-0037FF             37E2
                         008134-01FFFF            17ECC
        EEDATA           380000-3803FF              400
        MEDIUMCONST      008134-00FFFF             7ECC
                         013800-01FFFF             C800
        RAM              000AC7-0037FF              100
        SFR              000000-0004FF              100
        SMALLCONST       008134-01FFFF              100

                                  Symbol Table

?___awdiv                                     cstackBANK5  000560
?___awmod                                     cstackBANK5  000560
?___fladd                                     cstackBANK5  000560
?___fldiv                                     cstackBANK5  000587
?___flmul                                     cstackBANK5  00056E
?___flneg                                     cstackBANK5  000560
?___flsub                                     cstackBANK5  000587
?___fltol                                     cstackBANK5  000560
?___fpclassifyf                               cstackBANK5  000560
?___lodiv                                     cstackBANK5  000560
?___lomod                                     cstackBANK5  000560
?___xxtofl                                    cstackBANK5  000560
?_calculateDistance                           cstackBANK5  0005A0
?_efgtoa                                      cstackBANK5  0005B4
?_floorf                                      cstackBANK5  0005A0
?_getTimerTicks                               cstackBANK5  000560
?_isupper                                     cstackBANK5  000560
?_pad                                         cstackBANK5  000572
?_printf                                      cstackBANK6  00069E
?_strlen                                      cstackBANK5  000560
?_strncmp                                     cstackBANK5  000560
?_tolower                                     cstackBANK5  000566
?_utoa                                        cstackBANK5  00057D
?_vfpfcnvrt                                   cstackBANK5  0005F2
?_vfprintf                                    cstackBANK6  000698
?i2___awdiv                                   cstackCOMRAM 000501
CAN1_OperationModeSet@opMode                  cstackBANK5  000560
CAN1_OperationModeSet@requestMode             cstackBANK5  000562
CAN1_OperationModeSet@status                  cstackBANK5  000561
CAN1_RX_FIFO_ResetInfo@index                  cstackBANK5  000560
CAN1_Receive@index                            cstackCOMRAM 000524
CAN1_Receive@rxCanMsg                         cstackCOMRAM 000521
CAN1_Receive@status                           cstackCOMRAM 000523
CAN1_ReceivedMessageCountGet@channel          cstackCOMRAM 000506
CAN1_ReceivedMessageCountGet@fifoDepth        cstackCOMRAM 000507
CAN1_ReceivedMessageCountGet@fifoHead         cstackCOMRAM 000509
CAN1_ReceivedMessageCountGet@fifoTail         cstackCOMRAM 000508
CAN1_ReceivedMessageCountGet@index            cstackCOMRAM 00050A
CAN1_ReceivedMessageCountGet@numOfMsg         cstackCOMRAM 000504
CAN1_ReceivedMessageCountGet@rxMsgStatus      cstackCOMRAM 000505
CAN1_ReceivedMessageCountGet@totalMsgObj      cstackCOMRAM 000503
CAN1_SetFIFO1NotEmptyHandler@handler          cstackBANK5  000560
CAN1_SetFIFO2NotEmptyHandler@handler          cstackBANK5  000560
CAN1_Transmit@fifoChannel                     cstackCOMRAM 00051C
CAN1_Transmit@status                          cstackCOMRAM 000519
CAN1_Transmit@txCanMsg                        cstackCOMRAM 000517
CAN1_Transmit@txFifoObj                       cstackCOMRAM 00051A
CAN1_TransmitFIFOStatusGet@fifoChannel        cstackCOMRAM 000504
CAN1_TransmitFIFOStatusGet@status             cstackCOMRAM 000503
DefaultFIFO1NotEmptyHandler@F22463            dataBANK6    0006B0
DefaultFIFO1NotEmptyHandler@Transmission      cstackCOMRAM 000526
DefaultFIFO1NotEmptyHandler@Transmit_Data     cstackCOMRAM 00051E
DefaultFIFO2NotEmptyHandler@DataIndex         cstackCOMRAM 000526
DefaultFIFO2NotEmptyHandler@InternalMessage   cstackCOMRAM 000527
GetRxFifoDepth@validChannel                   cstackCOMRAM 000502
GetRxFifoStatus@validChannel                  cstackCOMRAM 000501
GetTxFifoStatus@validChannel                  cstackCOMRAM 000501
IOCCF1_SetInterruptHandler@InterruptHandler   cstackBANK5  000560
IOCCF3_SetInterruptHandler@InterruptHandler   cstackBANK5  000560
IOCCF5_SetInterruptHandler@InterruptHandler   cstackBANK5  000560
IVTBASEH                                      (abs)        00045E
IVTBASEL                                      (abs)        00045D
IVTBASEU                                      (abs)        00045F
ReadMessageFromFifo@msgId                     cstackCOMRAM 000512
ReadMessageFromFifo@rxCanMsg                  cstackCOMRAM 00050E
ReadMessageFromFifo@rxFifoObj                 cstackCOMRAM 00050C
ReadMessageFromFifo@status                    cstackCOMRAM 000516
Receive@channel                               cstackCOMRAM 000517
Receive@index                                 cstackCOMRAM 000520
Receive@rxCanMsg                              cstackCOMRAM 000518
Receive@rxFifoObj                             cstackCOMRAM 00051D
Receive@rxMsgStatus                           cstackCOMRAM 00051F
Receive@status                                cstackCOMRAM 00051C
TMR0_DefaultInterruptHandler@F22304           dataBANK6    0006A8
TMR0_DefaultInterruptHandler@Transmission     cstackCOMRAM 000526
TMR0_DefaultInterruptHandler@Transmit_Data    cstackCOMRAM 00051E
TMR0_SetInterruptHandler@InterruptHandler     cstackBANK5  000560
TMR2_Counter8BitGet@readVal                   cstackCOMRAM 000501
TMR2_Counter8BitSet@timerVal                  cstackCOMRAM 000501
TMR2_HasOverflowOccured@status                cstackCOMRAM 000501
TMR2_WriteTimer@timerVal                      cstackCOMRAM 000502
UART1_SetErrorHandler@interruptHandler        cstackBANK5  000560
UART1_SetFramingErrorHandler@interruptHandler cstackBANK5  000560
UART1_SetOverrunErrorHandler@interruptHandler cstackBANK5  000560
UART1_SetRxInterruptHandler@InterruptHandler  cstackBANK5  000560
UART1_Write@txData                            cstackBANK5  000560
ValidateTransmission@field                    cstackCOMRAM 00050C
ValidateTransmission@plsize                   cstackCOMRAM 000509
ValidateTransmission@txCanMsg                 cstackCOMRAM 000502
ValidateTransmission@txMsgStatus              cstackCOMRAM 00050B
ValidateTransmission@validChannel             cstackCOMRAM 00050A
WriteMessageToFifo@msgId                      cstackCOMRAM 000513
WriteMessageToFifo@status                     cstackCOMRAM 000512
WriteMessageToFifo@txCanMsg                   cstackCOMRAM 00050E
WriteMessageToFifo@txFifoObj                  cstackCOMRAM 00050C
_ANSELA                                       (abs)        000400
_ANSELB                                       (abs)        000408
_ANSELC                                       (abs)        000410
_C1CONH                                       (abs)        000101
_C1CONHbits                                   (abs)        000101
_C1CONL                                       (abs)        000100
_C1CONTbits                                   (abs)        000103
_C1CONU                                       (abs)        000102
_C1CONUbits                                   (abs)        000102
_C1DBTCFGH                                    (abs)        000109
_C1DBTCFGL                                    (abs)        000108
_C1DBTCFGT                                    (abs)        00010B
_C1DBTCFGU                                    (abs)        00010A
_C1FIFOBA                                     (abs)        00014C
_C1FIFOCON1H                                  (abs)        00015D
_C1FIFOCON1L                                  (abs)        00015C
_C1FIFOCON1T                                  (abs)        00015F
_C1FIFOCON1U                                  (abs)        00015E
_C1FIFOCON2H                                  (abs)        000169
_C1FIFOCON2L                                  (abs)        000168
_C1FIFOCON2T                                  (abs)        00016B
_C1FIFOCON2U                                  (abs)        00016A
_C1FIFOSTA1Lbits                              (abs)        000160
_C1FIFOSTA2Lbits                              (abs)        00016C
_C1FLTCON0H                                   (abs)        000181
_C1FLTCON0L                                   (abs)        000180
_C1FLTOBJ0H                                   (abs)        00018D
_C1FLTOBJ0L                                   (abs)        00018C
_C1FLTOBJ0T                                   (abs)        00018F
_C1FLTOBJ0U                                   (abs)        00018E
_C1FLTOBJ1H                                   (abs)        000195
_C1FLTOBJ1L                                   (abs)        000194
_C1FLTOBJ1T                                   (abs)        000197
_C1FLTOBJ1U                                   (abs)        000196
_C1INTHbits                                   (abs)        00011D
_C1INTTbits                                   (abs)        00011F
_C1INTUbits                                   (abs)        00011E
_C1MASK0H                                     (abs)        000191
_C1MASK0L                                     (abs)        000190
_C1MASK0T                                     (abs)        000193
_C1MASK0U                                     (abs)        000192
_C1MASK1H                                     (abs)        000199
_C1MASK1L                                     (abs)        000198
_C1MASK1T                                     (abs)        00019B
_C1MASK1U                                     (abs)        00019A
_C1NBTCFGH                                    (abs)        000105
_C1NBTCFGL                                    (abs)        000104
_C1NBTCFGT                                    (abs)        000107
_C1NBTCFGU                                    (abs)        000106
_C1TDCH                                       (abs)        00010D
_C1TDCU                                       (abs)        00010E
_C1TRECUbits                                  (abs)        000136
_C1TXQCONH                                    (abs)        000151
_C1TXQCONL                                    (abs)        000150
_C1TXQCONT                                    (abs)        000153
_C1TXQCONU                                    (abs)        000152
_CAN1_BitRateConfiguration                    text61       007DFE
_CAN1_FIFO1NotEmptyHandler                    bssCOMRAM    000543
_CAN1_FIFO2NotEmptyHandler                    bssCOMRAM    000540
_CAN1_Initialize                              text52       00794A
_CAN1_OperationModeGet                        text60       0080CA
_CAN1_OperationModeSet                        text59       0074EC
_CAN1_RXI_ISR                                 text87       0078F4
_CAN1_RX_FIFO_Configuration                   text56       0079F0
_CAN1_RX_FIFO_FilterMaskConfiguration         text55       007B18
_CAN1_RX_FIFO_ResetInfo                       text54       007DA4
_CAN1_Receive                                 text91       00799E
_CAN1_ReceivedMessageCountGet                 text90       006DDA
_CAN1_SetFIFO1NotEmptyHandler                 text58       0080B2
_CAN1_SetFIFO2NotEmptyHandler                 text57       0080A4
_CAN1_TX_FIFO_Configuration                   text53       007FF4
_CAN1_Transmit                                text98       007584
_CAN1_TransmitFIFOStatusGet                   text97       007ED0
_CANRXPPS                                     (abs)        00023D
_DLC_BYTES                                    smallconst   003801
_DefaultFIFO1NotEmptyHandler                  text96       00783A
_DefaultFIFO2NotEmptyHandler                  text88       007772
_GetRxFifoDepth                               text95       007F74
_GetRxFifoStatus                              text94       007FC4
_GetTxFifoStatus                              text104      007FDC
_INLVLA                                       (abs)        000404
_INLVLB                                       (abs)        00040C
_INLVLC                                       (abs)        000414
_INLVLE                                       (abs)        000424
_INTCON0bits                                  (abs)        0004D6
_INTERRUPT_Initialize                         text51       008126
_INTERRUPT_InterruptManager                   text62       006A5E
_IOCCF1_DefaultInterruptHandler               text72       00812E
_IOCCF1_ISR                                   text77       007D70
_IOCCF1_InterruptHandler                      nvCOMRAM     000556
_IOCCF1_SetInterruptHandler                   text49       008096
_IOCCF3_DefaultInterruptHandler               text76       008132
_IOCCF3_ISR                                   text75       007D3C
_IOCCF3_InterruptHandler                      nvCOMRAM     000553
_IOCCF3_SetInterruptHandler                   text48       008088
_IOCCF5_DefaultInterruptHandler               text74       008130
_IOCCF5_ISR                                   text71       007D08
_IOCCF5_InterruptHandler                      nvCOMRAM     000550
_IOCCF5_SetInterruptHandler                   text47       00807A
_IOCCFbits                                    (abs)        000417
_IOCCNbits                                    (abs)        000416
_IOCCPbits                                    (abs)        000415
_LATA                                         (abs)        0004BE
_LATB                                         (abs)        0004BF
_LATC                                         (abs)        0004C0
_LATCbits                                     (abs)        0004C0
_ODCONA                                       (abs)        000402
_ODCONB                                       (abs)        00040A
_ODCONC                                       (abs)        000412
_OSCCON1                                      (abs)        0000AD
_OSCCON3                                      (abs)        0000AF
_OSCEN                                        (abs)        0000B3
_OSCFRQ                                       (abs)        0000B1
_OSCILLATOR_Initialize                        text50       007FAC
_OSCTUNE                                      (abs)        0000B0
_PIE0bits                                     (abs)        00049E
_PIE3bits                                     (abs)        0004A1
_PIE4bits                                     (abs)        0004A2
_PIN_MANAGER_IOC                              text70       007BE4
_PIN_MANAGER_Initialize                       text46       00725A
_PIR0bits                                     (abs)        0004AE
_PIR3bits                                     (abs)        0004B1
_PIR4bits                                     (abs)        0004B2
_PMD0                                         (abs)        000060
_PMD1                                         (abs)        000061
_PMD2                                         (abs)        000062
_PMD3                                         (abs)        000063
_PMD4                                         (abs)        000064
_PMD5                                         (abs)        000065
_PMD6                                         (abs)        000066
_PMD7                                         (abs)        000067
_PMD8                                         (abs)        000068
_PMD_Initialize                               text45       007EA8
_PORTCbits                                    (abs)        0004D0
_PR2                                          (abs)        000323
_RB1PPS                                       (abs)        00020A
_RB4PPS                                       (abs)        00020D
_ReadMessageFromFifo                          text93       005C1E
_Receive                                      text92       006B50
_SLRCONA                                      (abs)        000403
_SLRCONB                                      (abs)        00040B
_SLRCONC                                      (abs)        000413
_SYSTEM_Initialize                            text36       007EF8
_T0CON0                                       (abs)        00031A
_T0CON0bits                                   (abs)        00031A
_T0CON1                                       (abs)        00031B
_T2CLKCON                                     (abs)        000326
_T2CON                                        (abs)        000324
_T2CONbits                                    (abs)        000324
_T2HLT                                        (abs)        000325
_T2HLTbits                                    (abs)        000325
_T2PR                                         (abs)        000323
_T2RST                                        (abs)        000327
_T2RSTbits                                    (abs)        000327
_T2TMR                                        (abs)        000322
_TMR0H                                        (abs)        000319
_TMR0L                                        (abs)        000318
_TMR0_DefaultInterruptHandler                 text69       0077DA
_TMR0_ISR                                     text68       007CD4
_TMR0_Initialize                              text43       007DD2
_TMR0_InterruptHandler                        nvBANK6      0006B8
_TMR0_SetInterruptHandler                     text44       00806C
_TMR2                                         (abs)        000322
_TMR2_Counter8BitGet                          text85       0080E8
_TMR2_Counter8BitSet                          text79       0080DE
_TMR2_HasOverflowOccured                      text86       007E7E
_TMR2_Initialize                              text42       007F56
_TMR2_ReadTimer                               text84       008120
_TMR2_Start                                   text83       00811A
_TMR2_StartTimer                              text82       008114
_TMR2_Stop                                    text81       00810E
_TMR2_StopTimer                               text80       008108
_TMR2_WriteTimer                              text78       0080D4
_TRISA                                        (abs)        0004C6
_TRISB                                        (abs)        0004C7
_TRISC                                        (abs)        0004C8
_TRISE                                        (abs)        0004CA
_U1BRGH                                       (abs)        0002AF
_U1BRGL                                       (abs)        0002AE
_U1CON0                                       (abs)        0002AB
_U1CON0bits                                   (abs)        0002AB
_U1CON1                                       (abs)        0002AC
_U1CON2                                       (abs)        0002AD
_U1ERRIE                                      (abs)        0002B3
_U1ERRIR                                      (abs)        0002B2
_U1ERRIRbits                                  (abs)        0002B2
_U1FIFO                                       (abs)        0002B0
_U1P1H                                        (abs)        0002A6
_U1P1L                                        (abs)        0002A5
_U1P2H                                        (abs)        0002A8
_U1P2L                                        (abs)        0002A7
_U1P3H                                        (abs)        0002AA
_U1P3L                                        (abs)        0002A9
_U1RXB                                        (abs)        0002A1
_U1RXPPS                                      (abs)        000272
_U1TXB                                        (abs)        0002A3
_U1UIR                                        (abs)        0002B1
_UART1_DefaultErrorHandler                    text66       008102
_UART1_DefaultFramingErrorHandler             text65       00812C
_UART1_DefaultOverrunErrorHandler             text64       00812A
_UART1_ErrorHandler                           nvBANK6      0006BB
_UART1_FramingErrorHandler                    nvBANK6      0006C1
_UART1_Initialize                             text37       0073B8
_UART1_OverrunErrorHandler                    nvBANK6      0006BE
_UART1_Receive_ISR                            text63       006F6A
_UART1_RxDataHandler                          text67       007E54
_UART1_RxInterruptHandler                     nvBANK6      0006C4
_UART1_SetErrorHandler                        text41       00805E
_UART1_SetFramingErrorHandler                 text40       008050
_UART1_SetOverrunErrorHandler                 text39       008042
_UART1_SetRxInterruptHandler                  text38       008034
_UART1_Write                                  text18       007F92
_ValidateTransmission                         text102      00643C
_WPUA                                         (abs)        000401
_WPUB                                         (abs)        000409
_WPUC                                         (abs)        000411
_WPUE                                         (abs)        000421
_WriteMessageToFifo                           text100      0059D8
__HRAM                                        (abs)        000000
__Habs1                                       abs1         000000
__Hbank10                                     bank10       000000
__Hbank11                                     bank11       000000
__Hbank12                                     bank12       000000
__Hbank13                                     bank13       000000
__Hbank14                                     bank14       000000
__Hbank15                                     bank15       000000
__Hbank16                                     bank16       000000
__Hbank17                                     bank17       000000
__Hbank18                                     bank18       000000
__Hbank19                                     bank19       000000
__Hbank20                                     bank20       000000
__Hbank21                                     bank21       000000
__Hbank22                                     bank22       000000
__Hbank23                                     bank23       000000
__Hbank24                                     bank24       000000
__Hbank25                                     bank25       000000
__Hbank26                                     bank26       000000
__Hbank27                                     bank27       000000
__Hbank28                                     bank28       000000
__Hbank29                                     bank29       000000
__Hbank30                                     bank30       000000
__Hbank31                                     bank31       000000
__Hbank32                                     bank32       000000
__Hbank33                                     bank33       000000
__Hbank34                                     bank34       000000
__Hbank35                                     bank35       000000
__Hbank36                                     bank36       000000
__Hbank37                                     bank37       000000
__Hbank38                                     bank38       000000
__Hbank39                                     bank39       000000
__Hbank40                                     bank40       000000
__Hbank41                                     bank41       000000
__Hbank42                                     bank42       000000
__Hbank43                                     bank43       000000
__Hbank44                                     bank44       000000
__Hbank45                                     bank45       000000
__Hbank46                                     bank46       000000
__Hbank47                                     bank47       000000
__Hbank48                                     bank48       000000
__Hbank49                                     bank49       000000
__Hbank5                                      bank5        000000
__Hbank50                                     bank50       000000
__Hbank51                                     bank51       000000
__Hbank52                                     bank52       000000
__Hbank53                                     bank53       000000
__Hbank54                                     bank54       000000
__Hbank55                                     bank55       000000
__Hbank6                                      bank6        000000
__Hbank7                                      bank7        000000
__Hbank8                                      bank8        000000
__Hbank9                                      bank9        000000
__Hbigbss                                     bigbss       000000
__Hbigdata                                    bigdata      000000
__Hbigram                                     bigram       000000
__Hbigsfr                                     bigsfr       000000
__Hbss                                        bss          000000
__HbssBANK6                                   bssBANK6     000000
__HbssBIGRAM                                  bssBIGRAM    000000
__HbssCOMRAM                                  bssCOMRAM    000000
__Hcinit                                      cinit        000000
__Hclrtext                                    clrtext      000000
__Hcomram                                     comram       000000
__Hconfig                                     config       300024
__Hconst                                      const        000000
__HcstackBANK5                                cstackBANK5  000000
__HcstackBANK6                                cstackBANK6  000000
__HcstackCOMRAM                               cstackCOMRAM 000000
__Hdata                                       data         000000
__HdataBANK6                                  dataBANK6    000000
__HdataCOMRAM                                 dataCOMRAM   000000
__Heeprom_data                                eeprom_data  000000
__Hfarbss                                     farbss       000000
__Hfardata                                    fardata      000000
__Hheap                                       heap         000000
__Hibigdata                                   ibigdata     000000
__Hidata                                      idata        000000
__HidataBANK6                                 idataBANK6   000000
__HidataCOMRAM                                idataCOMRAM  000000
__Hidloc                                      idloc        200020
__Hifardata                                   ifardata     000000
__Hinit                                       init         00001E
__Hintsave_regs                               intsave_regs 000000
__Hirdata                                     irdata       000000
__Hivt0x8                                     ivt0x8       00001A
__Hmediumconst                                mediumconst  000000
__HnvBANK6                                    nvBANK6      000000
__HnvCOMRAM                                   nvCOMRAM     000000
__HnvFARRAM                                   nvFARRAM     000000
__Hnvbit                                      nvbit        000000
__Hnvrram                                     nvrram       000000
__Hparam                                      rparam       000000
__Hpowerup                                    powerup      000000
__Hram                                        ram          000000
__Hramtop                                     ramtop       003800
__Hrbit                                       rbit         000000
__Hrbss                                       rbss         000000
__Hrdata                                      rdata        000000
__Hreset_vec                                  reset_vec    000004
__Hrparam                                     rparam       000000
__Hsfr                                        sfr          000000
__Hsmallconst                                 smallconst   00386C
__Hspace_0                                    (abs)        008134
__Hspace_1                                    (abs)        000AC7
__Hspace_2                                    (abs)        000000
__Hspace_4                                    (abs)        600024
__Hstack                                      stack        000000
__Hstruct                                     struct       000000
__Htemp                                       temp         000000
__Htext                                       text         000000
__Htext0                                      text0        000000
__Htext1                                      text1        000000
__Htext10                                     text10       000000
__Htext100                                    text100      000000
__Htext101                                    text101      000000
__Htext102                                    text102      000000
__Htext103                                    text103      000000
__Htext104                                    text104      000000
__Htext105                                    text105      000000
__Htext11                                     text11       000000
__Htext12                                     text12       000000
__Htext13                                     text13       000000
__Htext14                                     text14       000000
__Htext15                                     text15       000000
__Htext16                                     text16       000000
__Htext17                                     text17       000000
__Htext18                                     text18       000000
__Htext19                                     text19       000000
__Htext2                                      text2        000000
__Htext20                                     text20       000000
__Htext21                                     text21       000000
__Htext22                                     text22       000000
__Htext23                                     text23       000000
__Htext24                                     text24       000000
__Htext25                                     text25       000000
__Htext26                                     text26       000000
__Htext27                                     text27       000000
__Htext28                                     text28       000000
__Htext29                                     text29       000000
__Htext3                                      text3        000000
__Htext30                                     text30       000000
__Htext31                                     text31       000000
__Htext32                                     text32       000000
__Htext33                                     text33       000000
__Htext34                                     text34       000000
__Htext35                                     text35       000000
__Htext36                                     text36       000000
__Htext37                                     text37       000000
__Htext38                                     text38       000000
__Htext39                                     text39       000000
__Htext4                                      text4        000000
__Htext40                                     text40       000000
__Htext41                                     text41       000000
__Htext42                                     text42       000000
__Htext43                                     text43       000000
__Htext44                                     text44       000000
__Htext45                                     text45       000000
__Htext46                                     text46       000000
__Htext47                                     text47       000000
__Htext48                                     text48       000000
__Htext49                                     text49       000000
__Htext5                                      text5        000000
__Htext50                                     text50       000000
__Htext51                                     text51       000000
__Htext52                                     text52       000000
__Htext53                                     text53       000000
__Htext54                                     text54       000000
__Htext55                                     text55       000000
__Htext56                                     text56       000000
__Htext57                                     text57       000000
__Htext58                                     text58       000000
__Htext59                                     text59       000000
__Htext6                                      text6        000000
__Htext60                                     text60       000000
__Htext61                                     text61       000000
__Htext62                                     text62       000000
__Htext63                                     text63       000000
__Htext64                                     text64       000000
__Htext65                                     text65       000000
__Htext66                                     text66       000000
__Htext67                                     text67       000000
__Htext68                                     text68       000000
__Htext69                                     text69       000000
__Htext7                                      text7        000000
__Htext70                                     text70       000000
__Htext71                                     text71       000000
__Htext72                                     text72       000000
__Htext73                                     text73       000000
__Htext74                                     text74       000000
__Htext75                                     text75       000000
__Htext76                                     text76       000000
__Htext77                                     text77       000000
__Htext78                                     text78       000000
__Htext79                                     text79       000000
__Htext8                                      text8        000000
__Htext80                                     text80       000000
__Htext81                                     text81       000000
__Htext82                                     text82       000000
__Htext83                                     text83       000000
__Htext84                                     text84       000000
__Htext85                                     text85       000000
__Htext86                                     text86       000000
__Htext87                                     text87       000000
__Htext88                                     text88       000000
__Htext89                                     text89       000000
__Htext9                                      text9        000000
__Htext90                                     text90       000000
__Htext91                                     text91       000000
__Htext92                                     text92       000000
__Htext93                                     text93       000000
__Htext94                                     text94       000000
__Htext95                                     text95       000000
__Htext96                                     text96       000000
__Htext97                                     text97       000000
__Htext98                                     text98       000000
__Htext99                                     text99       000000
__LRAM                                        (abs)        000001
__Labs1                                       abs1         000000
__Lbank10                                     bank10       000000
__Lbank11                                     bank11       000000
__Lbank12                                     bank12       000000
__Lbank13                                     bank13       000000
__Lbank14                                     bank14       000000
__Lbank15                                     bank15       000000
__Lbank16                                     bank16       000000
__Lbank17                                     bank17       000000
__Lbank18                                     bank18       000000
__Lbank19                                     bank19       000000
__Lbank20                                     bank20       000000
__Lbank21                                     bank21       000000
__Lbank22                                     bank22       000000
__Lbank23                                     bank23       000000
__Lbank24                                     bank24       000000
__Lbank25                                     bank25       000000
__Lbank26                                     bank26       000000
__Lbank27                                     bank27       000000
__Lbank28                                     bank28       000000
__Lbank29                                     bank29       000000
__Lbank30                                     bank30       000000
__Lbank31                                     bank31       000000
__Lbank32                                     bank32       000000
__Lbank33                                     bank33       000000
__Lbank34                                     bank34       000000
__Lbank35                                     bank35       000000
__Lbank36                                     bank36       000000
__Lbank37                                     bank37       000000
__Lbank38                                     bank38       000000
__Lbank39                                     bank39       000000
__Lbank40                                     bank40       000000
__Lbank41                                     bank41       000000
__Lbank42                                     bank42       000000
__Lbank43                                     bank43       000000
__Lbank44                                     bank44       000000
__Lbank45                                     bank45       000000
__Lbank46                                     bank46       000000
__Lbank47                                     bank47       000000
__Lbank48                                     bank48       000000
__Lbank49                                     bank49       000000
__Lbank5                                      bank5        000000
__Lbank50                                     bank50       000000
__Lbank51                                     bank51       000000
__Lbank52                                     bank52       000000
__Lbank53                                     bank53       000000
__Lbank54                                     bank54       000000
__Lbank55                                     bank55       000000
__Lbank6                                      bank6        000000
__Lbank7                                      bank7        000000
__Lbank8                                      bank8        000000
__Lbank9                                      bank9        000000
__Lbigbss                                     bigbss       000000
__Lbigdata                                    bigdata      000000
__Lbigram                                     bigram       000000
__Lbigsfr                                     bigsfr       000000
__Lbss                                        bss          000000
__LbssBANK6                                   bssBANK6     000000
__LbssBIGRAM                                  bssBIGRAM    000000
__LbssCOMRAM                                  bssCOMRAM    000000
__Lcinit                                      cinit        000000
__Lclrtext                                    clrtext      000000
__Lcomram                                     comram       000000
__Lconfig                                     config       000000
__Lconst                                      const        000000
__LcstackBANK5                                cstackBANK5  000000
__LcstackBANK6                                cstackBANK6  000000
__LcstackCOMRAM                               cstackCOMRAM 000000
__Ldata                                       data         000000
__LdataBANK6                                  dataBANK6    000000
__LdataCOMRAM                                 dataCOMRAM   000000
__Leeprom_data                                eeprom_data  000000
__Lfarbss                                     farbss       000000
__Lfardata                                    fardata      000000
__Lheap                                       heap         000000
__Libigdata                                   ibigdata     000000
__Lidata                                      idata        000000
__LidataBANK6                                 idataBANK6   000000
__LidataCOMRAM                                idataCOMRAM  000000
__Lidloc                                      idloc        000000
__Lifardata                                   ifardata     000000
__Linit                                       init         00001A
__Lintsave_regs                               intsave_regs 000000
__Lirdata                                     irdata       000000
__Livt0x8                                     ivt0x8       000008
__Lmediumconst                                mediumconst  000000
__LnvBANK6                                    nvBANK6      000000
__LnvCOMRAM                                   nvCOMRAM     000000
__LnvFARRAM                                   nvFARRAM     000000
__Lnvbit                                      nvbit        000000
__Lnvrram                                     nvrram       000000
__Lparam                                      rparam       000000
__Lpowerup                                    powerup      000000
__Lram                                        ram          000000
__Lramtop                                     ramtop       003800
__Lrbit                                       rbit         000000
__Lrbss                                       rbss         000000
__Lrdata                                      rdata        000000
__Lreset_vec                                  reset_vec    000000
__Lrparam                                     rparam       000000
__Lsfr                                        sfr          000000
__Lsmallconst                                 smallconst   003800
__Lspace_0                                    (abs)        000000
__Lspace_1                                    (abs)        000000
__Lspace_2                                    (abs)        000000
__Lspace_4                                    (abs)        000000
__Lstack                                      stack        000000
__Lstruct                                     struct       000000
__Ltemp                                       temp         000000
__Ltext                                       text         000000
__Ltext0                                      text0        000000
__Ltext1                                      text1        000000
__Ltext10                                     text10       000000
__Ltext100                                    text100      000000
__Ltext101                                    text101      000000
__Ltext102                                    text102      000000
__Ltext103                                    text103      000000
__Ltext104                                    text104      000000
__Ltext105                                    text105      000000
__Ltext11                                     text11       000000
__Ltext12                                     text12       000000
__Ltext13                                     text13       000000
__Ltext14                                     text14       000000
__Ltext15                                     text15       000000
__Ltext16                                     text16       000000
__Ltext17                                     text17       000000
__Ltext18                                     text18       000000
__Ltext19                                     text19       000000
__Ltext2                                      text2        000000
__Ltext20                                     text20       000000
__Ltext21                                     text21       000000
__Ltext22                                     text22       000000
__Ltext23                                     text23       000000
__Ltext24                                     text24       000000
__Ltext25                                     text25       000000
__Ltext26                                     text26       000000
__Ltext27                                     text27       000000
__Ltext28                                     text28       000000
__Ltext29                                     text29       000000
__Ltext3                                      text3        000000
__Ltext30                                     text30       000000
__Ltext31                                     text31       000000
__Ltext32                                     text32       000000
__Ltext33                                     text33       000000
__Ltext34                                     text34       000000
__Ltext35                                     text35       000000
__Ltext36                                     text36       000000
__Ltext37                                     text37       000000
__Ltext38                                     text38       000000
__Ltext39                                     text39       000000
__Ltext4                                      text4        000000
__Ltext40                                     text40       000000
__Ltext41                                     text41       000000
__Ltext42                                     text42       000000
__Ltext43                                     text43       000000
__Ltext44                                     text44       000000
__Ltext45                                     text45       000000
__Ltext46                                     text46       000000
__Ltext47                                     text47       000000
__Ltext48                                     text48       000000
__Ltext49                                     text49       000000
__Ltext5                                      text5        000000
__Ltext50                                     text50       000000
__Ltext51                                     text51       000000
__Ltext52                                     text52       000000
__Ltext53                                     text53       000000
__Ltext54                                     text54       000000
__Ltext55                                     text55       000000
__Ltext56                                     text56       000000
__Ltext57                                     text57       000000
__Ltext58                                     text58       000000
__Ltext59                                     text59       000000
__Ltext6                                      text6        000000
__Ltext60                                     text60       000000
__Ltext61                                     text61       000000
__Ltext62                                     text62       000000
__Ltext63                                     text63       000000
__Ltext64                                     text64       000000
__Ltext65                                     text65       000000
__Ltext66                                     text66       000000
__Ltext67                                     text67       000000
__Ltext68                                     text68       000000
__Ltext69                                     text69       000000
__Ltext7                                      text7        000000
__Ltext70                                     text70       000000
__Ltext71                                     text71       000000
__Ltext72                                     text72       000000
__Ltext73                                     text73       000000
__Ltext74                                     text74       000000
__Ltext75                                     text75       000000
__Ltext76                                     text76       000000
__Ltext77                                     text77       000000
__Ltext78                                     text78       000000
__Ltext79                                     text79       000000
__Ltext8                                      text8        000000
__Ltext80                                     text80       000000
__Ltext81                                     text81       000000
__Ltext82                                     text82       000000
__Ltext83                                     text83       000000
__Ltext84                                     text84       000000
__Ltext85                                     text85       000000
__Ltext86                                     text86       000000
__Ltext87                                     text87       000000
[...]
__ramtop                                      ramtop       003800
__smallconst                                  smallconst   003800
_average                                      bssCOMRAM    00053C
_calculateDistance                            text30       00567E
_calculateDistance$3035                       cstackBANK5  0005A6
_calculateDistance$3036                       cstackBANK5  0005AA
_counter                                      bssCOMRAM    000546
_dbuf                                         bssBANK6     000618
_distance                                     bssBIGRAM    0006C7
_distanceError                                bssCOMRAM    00054A
_distanceReady                                bssCOMRAM    00054B
_efgtoa                                       text9        00386C
_efgtoa$2578                                  cstackBANK5  0005C0
_efgtoa$2586                                  cstackBANK5  0005C2
_efgtoa$2587                                  cstackBANK5  0005C4
_flags                                        bssBANK6     000616
_floorf                                       text19       005E5E
_fputc                                        text16       007454
_fputs                                        text15       007A88
_getTimerTicks                                text29       0080C0
_handleEcho                                   text73       007B60
_hasDistanceErrorOccured                      text28       007F38
_isDistanceReady                              text27       007F1A
_isTxChannel                                  text99       007C22
_isTxChannel$617                              cstackCOMRAM 000501
_isupper                                      text11       007C60
_main                                         text0        0070F4
_memcpy                                       text101      00789A
_nout                                         bssBANK6     000610
_pad                                          text13       006D0E
_prec                                         bssBANK6     000614
_printf                                       text2        007E2A
_putch                                        text17       008026
_rxFifos                                      dataCOMRAM   000559
_rxMsgData                                    bssBANK6     000668
_sendTrigger                                  text1        008018
_strcpy                                       text12       00770A
_strlen                                       text14       007BA6
_strncmp                                      text8        006870
_timerTicks                                   bssCOMRAM    000548
_toggle                                       dataCOMRAM   00055D
_tolower                                      text10       007A40
_uart1RxBuffer                                bssBANK6     000608
_uart1RxCount                                 bssCOMRAM    00054D
_uart1RxHead                                  bssCOMRAM    00054F
_uart1RxLastError                             bssCOMRAM    00054C
_uart1RxStatusBuffer                          bssBANK6     000600
_uart1RxTail                                  bssCOMRAM    00054E
_utoa                                         text5        006074
_vfpfcnvrt                                    text4        0044EA
_vfprintf                                     text3        007698
_width                                        bssBANK6     000612
calculateDistance@i                           cstackBANK5  0005AE
efgtoa@c                                      cstackBANK5  0005BA
efgtoa@d                                      cstackBANK5  0005D2
efgtoa@e                                      cstackBANK5  0005EA
efgtoa@f                                      cstackBANK5  0005B6
efgtoa@fp                                     cstackBANK5  0005B4
efgtoa@g                                      cstackBANK5  0005E6
efgtoa@h                                      cstackBANK5  0005DC
efgtoa@i                                      cstackBANK5  0005E4
efgtoa@l                                      cstackBANK5  0005E0
efgtoa@m                                      cstackBANK5  0005CC
efgtoa@mode                                   cstackBANK5  0005DB
efgtoa@n                                      cstackBANK5  0005EC
efgtoa@ne                                     cstackBANK5  0005CA
efgtoa@nmode                                  cstackBANK5  0005DA
efgtoa@ou                                     cstackBANK5  0005CE
efgtoa@p                                      cstackBANK5  0005D6
efgtoa@pp                                     cstackBANK5  0005C8
efgtoa@sign                                   cstackBANK5  0005D4
efgtoa@t                                      cstackBANK5  0005C6
efgtoa@u                                      cstackBANK5  0005EE
efgtoa@w                                      cstackBANK5  0005D8
end_of_initialization                         cinit        007692
floorf@F526                                   bssCOMRAM    000534
floorf@e                                      cstackBANK5  0005AE
floorf@m                                      cstackBANK5  0005AA
floorf@u                                      cstackBANK5  0005B0
floorf@x                                      cstackBANK5  0005A0
fputc@c                                       cstackBANK5  000562
fputc@fp                                      cstackBANK5  000564
fputs@c                                       cstackBANK5  00056F
fputs@fp                                      cstackBANK5  00056D
fputs@i                                       cstackBANK5  000570
fputs@s                                       cstackBANK5  00056B
i2_CAN1_OperationModeGet                      text103      0080F2
i2___awdiv                                    text89       007030
i2___awdiv@counter                            cstackCOMRAM 000505
i2___awdiv@dividend                           cstackCOMRAM 000501
i2___awdiv@divisor                            cstackCOMRAM 000503
i2___awdiv@quotient                           cstackCOMRAM 000507
i2___awdiv@sign                               cstackCOMRAM 000506
intlevel0                                     text         000000
intlevel1                                     text         000000
intlevel2                                     text         000000
intlevel3                                     text         000000
isTxChannel@channel                           cstackCOMRAM 000502
isa$std                                       (abs)        000001
isa$xinst                                     (abs)        000000
isupper@c                                     cstackBANK5  000560
ivt0x8_base                                   ivt0x8       000008
memcpy@d                                      cstackCOMRAM 000507
memcpy@d1                                     cstackCOMRAM 000501
memcpy@n                                      cstackCOMRAM 000505
memcpy@s                                      cstackCOMRAM 000509
memcpy@s1                                     cstackCOMRAM 000503
memcpy@tmp                                    cstackCOMRAM 00050B
pad@buf                                       cstackBANK5  000574
pad@fp                                        cstackBANK5  000572
pad@i                                         cstackBANK5  000579
pad@p                                         cstackBANK5  000576
pad@w                                         cstackBANK5  00057B
printf@ap                                     cstackBANK5  0005FE
printf@fmt                                    cstackBANK6  00069E
putch@txData                                  cstackBANK5  000561
stackhi                                       (abs)        000000
stacklo                                       (abs)        000000
start                                         init         00001A
start_initialization                          cinit        007618
strcpy@d                                      cstackBANK5  000568
strcpy@dest                                   cstackBANK5  000560
strcpy@s                                      cstackBANK5  000566
strcpy@src                                    cstackBANK5  000562
strlen@a                                      cstackBANK5  000562
strlen@s                                      cstackBANK5  000560
strncmp@_l                                    cstackBANK5  000560
strncmp@_r                                    cstackBANK5  000562
strncmp@l                                     cstackBANK5  000567
strncmp@n                                     cstackBANK5  000564
strncmp@r                                     cstackBANK5  000569
tolower@c                                     cstackBANK5  000566
utoa@d                                        cstackBANK5  00057F
utoa@fp                                       cstackBANK5  00057D
utoa@i                                        cstackBANK5  00059B
utoa@n                                        cstackBANK5  000593
utoa@p                                        cstackBANK5  00058F
utoa@w                                        cstackBANK5  000591
vfpfcnvrt@ap                                  cstackBANK5  0005F6
vfpfcnvrt@c                                   cstackBANK6  000697
vfpfcnvrt@ct                                  cstackBANK6  000694
vfpfcnvrt@f                                   cstackBANK6  000690
vfpfcnvrt@fmt                                 cstackBANK5  0005F4
vfpfcnvrt@fp                                  cstackBANK5  0005F2
vfpfcnvrt@llu                                 cstackBANK6  000688
vfprintf@ap                                   cstackBANK6  00069C
vfprintf@cfmt                                 cstackBANK5  0005FC
vfprintf@fmt                                  cstackBANK6  00069A
vfprintf@fp                                   cstackBANK6  000698


MODULE INFORMATION

Module		Function		Class		Link	Load	Size
mcc_generated_files/can1.c
		_ReadMessageFromFifo		CODE           	5C1E	0000	576
		_ValidateTransmission		CODE           	643C	0000	294
		_DefaultFIFO1NotEmptyHandler		CODE           	783A	0000	96
		_DefaultFIFO2NotEmptyHandler		CODE           	7772	0000	104
		_CAN1_BitRateConfiguration		CODE           	7DFE	0000	44
		_Receive       		CODE           	6B50	0000	236
		_CAN1_TX_FIFO_Configuration		CODE           	7FF4	0000	20
		_GetRxFifoDepth		CODE           	7F74	0000	30
		_CAN1_OperationModeGet		CODE           	80CA	0000	10
		_CAN1_Initialize		CODE           	794A	0000	84
		_CAN1_SetFIFO1NotEmptyHandler		CODE           	80B2	0000	14
		_CAN1_SetFIFO2NotEmptyHandler		CODE           	80A4	0000	14
		_CAN1_TransmitFIFOStatusGet		CODE           	7ED0	0000	40
		_CAN1_Transmit 		CODE           	7584	0000	148
		_CAN1_RX_FIFO_FilterMaskConfiguration		CODE           	7B18	0000	72
		_CAN1_RX_FIFO_Configuration		CODE           	79F0	0000	80
		_GetRxFifoStatus		CODE           	7FC4	0000	24
		_CAN1_ReceivedMessageCountGet		CODE           	6DDA	0000	202
		_isTxChannel   		CODE           	7C22	0000	62
		_GetTxFifoStatus		CODE           	7FDC	0000	24
		_WriteMessageToFifo		CODE           	59D8	0000	582
		_CAN1_Receive  		CODE           	799E	0000	82
		_CAN1_RX_FIFO_ResetInfo		CODE           	7DA4	0000	46
		_CAN1_OperationModeSet		CODE           	74EC	0000	152
		_CAN1_RXI_ISR  		CODE           	78F4	0000	86

mcc_generated_files/can1.c estimated size: 3122

/Applications/microchip/xc8/v2.36/pic/sources/c99/common/strncmp.c
		_strncmp       		CODE           	6870	0000	252

/Applications/microchip/xc8/v2.36/pic/sources/c99/common/strncmp.c estimated size: 252

/Applications/microchip/xc8/v2.36/pic/sources/c99/common/lodiv.c
		___lodiv       		CODE           	696C	0000	242

/Applications/microchip/xc8/v2.36/pic/sources/c99/common/lodiv.c estimated size: 242

/Applications/microchip/xc8/v2.36/pic/sources/c99/common/awdiv.c
		___awdiv       		CODE           	6EA4	0000	198

/Applications/microchip/xc8/v2.36/pic/sources/c99/common/awdiv.c estimated size: 198

mcc_generated_files/tmr2.c
		_TMR2_Initialize		CODE           	7F56	0000	30
		_TMR2_Stop     		CODE           	810E	0000	6
		_TMR2_Start    		CODE           	811A	0000	6
		_TMR2_Counter8BitGet		CODE           	80E8	0000	10
		_TMR2_Counter8BitSet		CODE           	80DE	0000	10
		_TMR2_StopTimer		CODE           	8108	0000	6
		_TMR2_WriteTimer		CODE           	80D4	0000	10
		_TMR2_StartTimer		CODE           	8114	0000	6
		_TMR2_ReadTimer		CODE           	8120	0000	6
		_TMR2_HasOverflowOccured		CODE           	7E7E	0000	42

mcc_generated_files/tmr2.c estimated size: 132

mcc_generated_files/interrupt_manager.c
		_INTERRUPT_Initialize		CODE           	8126	0000	4
		_INTERRUPT_InterruptManager		CODE           	6A5E	0000	242

mcc_generated_files/interrupt_manager.c estimated size: 246

/Applications/microchip/xc8/v2.36/pic/sources/c99/common/fltol.c
		___fltol       		CODE           	6562	0000	264

/Applications/microchip/xc8/v2.36/pic/sources/c99/common/fltol.c estimated size: 264

/Applications/microchip/xc8/v2.36/pic/sources/c99/common/fleq.c
		___fleq        		CODE           	730C	0000	172

/Applications/microchip/xc8/v2.36/pic/sources/c99/common/fleq.c estimated size: 172

/Applications/microchip/xc8/v2.36/pic/sources/c99/common/sprcadd.c
		___flsub       		CODE           	7AD0	0000	72
		___fladd       		CODE           	49D0	0000	1218

/Applications/microchip/xc8/v2.36/pic/sources/c99/common/sprcadd.c estimated size: 1290

/Applications/microchip/xc8/v2.36/pic/sources/c99/common/xxtofl.c
		___xxtofl      		CODE           	6284	0000	440

/Applications/microchip/xc8/v2.36/pic/sources/c99/common/xxtofl.c estimated size: 440

/Applications/microchip/xc8/v2.36/pic/sources/c99/common/printf.c
		_printf        		CODE           	7E2A	0000	42

/Applications/microchip/xc8/v2.36/pic/sources/c99/common/printf.c estimated size: 42

mcc_generated_files/tmr0.c
		_TMR0_SetInterruptHandler		CODE           	806C	0000	14
		_TMR0_DefaultInterruptHandler		CODE           	77DA	0000	96
		_TMR0_ISR      		CODE           	7CD4	0000	52
		_TMR0_Initialize		CODE           	7DD2	0000	44

mcc_generated_files/tmr0.c estimated size: 206

mcc_generated_files/pin_manager.c
		_PIN_MANAGER_Initialize		CODE           	725A	0000	178
		_IOCCF3_DefaultInterruptHandler		CODE           	8132	0000	2
		_IOCCF3_ISR    		CODE           	7D3C	0000	52
		_IOCCF5_SetInterruptHandler		CODE           	807A	0000	14
		_IOCCF1_DefaultInterruptHandler		CODE           	812E	0000	2
		_IOCCF1_ISR    		CODE           	7D70	0000	52
		_IOCCF3_SetInterruptHandler		CODE           	8088	0000	14
		_PIN_MANAGER_IOC		CODE           	7BE4	0000	62
		_IOCCF5_DefaultInterruptHandler		CODE           	8130	0000	2
		_IOCCF1_SetInterruptHandler		CODE           	8096	0000	14
		_IOCCF5_ISR    		CODE           	7D08	0000	52

mcc_generated_files/pin_manager.c estimated size: 444

/Applications/microchip/xc8/v2.36/pic/sources/c99/common/strlen.c
		_strlen        		CODE           	7BA6	0000	62

/Applications/microchip/xc8/v2.36/pic/sources/c99/common/strlen.c estimated size: 62

/Applications/microchip/xc8/v2.36/pic/sources/c99/common/nf_fputs.c
		_fputs         		CODE           	7A88	0000	72

/Applications/microchip/xc8/v2.36/pic/sources/c99/common/nf_fputs.c estimated size: 72

/Applications/microchip/xc8/v2.36/pic/sources/c99/common/floorf.c
		_floorf        		CODE           	5E5E	0000	534

/Applications/microchip/xc8/v2.36/pic/sources/c99/common/floorf.c estimated size: 534

/Applications/microchip/xc8/v2.36/pic/sources/c99/common/strcpy.c
		_strcpy        		CODE           	770A	0000	104

/Applications/microchip/xc8/v2.36/pic/sources/c99/common/strcpy.c estimated size: 104

distance-sensor.c
		_hasDistanceErrorOccured		CODE           	7F38	0000	30
		_handleEcho    		CODE           	7B60	0000	70
		_calculateDistance		CODE           	567E	0000	858
		_isDistanceReady		CODE           	7F1A	0000	30
		_sendTrigger   		CODE           	8018	0000	14
		_getTimerTicks 		CODE           	80C0	0000	10

distance-sensor.c estimated size: 1012

mcc_generated_files/uart1.c
		_UART1_Write   		CODE           	7F92	0000	26
		_putch         		CODE           	8026	0000	14
		_UART1_SetFramingErrorHandler		CODE           	8050	0000	14
		_UART1_SetOverrunErrorHandler		CODE           	8042	0000	14
		_UART1_Receive_ISR		CODE           	6F6A	0000	198
		_UART1_SetRxInterruptHandler		CODE           	8034	0000	14
		_UART1_Initialize		CODE           	73B8	0000	156
		_UART1_SetErrorHandler		CODE           	805E	0000	14
		_UART1_DefaultFramingErrorHandler		CODE           	812C	0000	2
		_UART1_DefaultErrorHandler		CODE           	8102	0000	6
		_UART1_RxDataHandler		CODE           	7E54	0000	42
		_UART1_DefaultOverrunErrorHandler		CODE           	812A	0000	2

mcc_generated_files/uart1.c estimated size: 502

/Applications/microchip/xc8/v2.36/pic/sources/c99/common/flneg.c
		___flneg       		CODE           	7C9A	0000	58

/Applications/microchip/xc8/v2.36/pic/sources/c99/common/flneg.c estimated size: 58

shared
		_FIFO          		SMALLCONST     	0000	0000	0
		_DLC_BYTES     		SMALLCONST     	3801	0000	16
		i2___awdiv     		CODE           	7030	0000	196
		__initialization		CODE           	7618	0000	122
		i2_CAN1_OperationModeGet		CODE           	80F2	0000	10

shared estimated size: 344

/Applications/microchip/xc8/v2.36/pic/sources/c99/common/isupper.c
		_isupper       		CODE           	7C60	0000	58

/Applications/microchip/xc8/v2.36/pic/sources/c99/common/isupper.c estimated size: 58

mcc_generated_files/mcc.c
		_PMD_Initialize		CODE           	7EA8	0000	40
		_OSCILLATOR_Initialize		CODE           	7FAC	0000	24
		_SYSTEM_Initialize		CODE           	7EF8	0000	34

mcc_generated_files/mcc.c estimated size: 98

/Applications/microchip/xc8/v2.36/pic/sources/c99/common/lomod.c
		___lomod       		CODE           	6C3C	0000	210

/Applications/microchip/xc8/v2.36/pic/sources/c99/common/lomod.c estimated size: 210

/Applications/microchip/xc8/v2.36/pic/sources/c99/common/flge.c
		___flge        		CODE           	666A	0000	262

/Applications/microchip/xc8/v2.36/pic/sources/c99/common/flge.c estimated size: 262

/Applications/microchip/xc8/v2.36/pic/sources/c99/common/doprnt.c
		_vfpfcnvrt     		CODE           	44EA	0000	1254
		_efgtoa        		CODE           	386C	0000	3198
		_pad           		CODE           	6D0E	0000	204
		_vfprintf      		CODE           	7698	0000	114
		_utoa          		CODE           	6074	0000	528

/Applications/microchip/xc8/v2.36/pic/sources/c99/common/doprnt.c estimated size: 5298

/Applications/microchip/xc8/v2.36/pic/sources/c99/common/nf_fputc.c
		_fputc         		CODE           	7454	0000	152

/Applications/microchip/xc8/v2.36/pic/sources/c99/common/nf_fputc.c estimated size: 152

/Applications/microchip/xc8/v2.36/pic/sources/c99/common/memcpy.c
		_memcpy        		CODE           	789A	0000	90

/Applications/microchip/xc8/v2.36/pic/sources/c99/common/memcpy.c estimated size: 90

/Applications/microchip/xc8/v2.36/pic/sources/c99/common/tolower.c
		_tolower       		CODE           	7A40	0000	72

/Applications/microchip/xc8/v2.36/pic/sources/c99/common/tolower.c estimated size: 72

/Applications/microchip/xc8/v2.36/pic/sources/c99/common/sprcmul.c
		___flmul       		CODE           	4E92	0000	1104

/Applications/microchip/xc8/v2.36/pic/sources/c99/common/sprcmul.c estimated size: 1104

/Applications/microchip/xc8/v2.36/pic/sources/c99/common/awmod.c
		___awmod       		CODE           	71A8	0000	178

/Applications/microchip/xc8/v2.36/pic/sources/c99/common/awmod.c estimated size: 178

/Applications/microchip/xc8/v2.36/pic/sources/c99/common/sprcdiv.c
		___fldiv       		CODE           	52E2	0000	924

/Applications/microchip/xc8/v2.36/pic/sources/c99/common/sprcdiv.c estimated size: 924

main.c
		_main          		CODE           	70F4	0000	180

main.c estimated size: 180

/Applications/microchip/xc8/v2.36/pic/sources/c99/common/__fpclassifyf.c
		___fpclassifyf 		CODE           	6770	0000	256

/Applications/microchip/xc8/v2.36/pic/sources/c99/common/__fpclassifyf.c estimated size: 256

