Microchip MPLAB XC8 Compiler V2.32

Linker command line:

-W-3 --edf=C:\Program Files\Microchip\xc8\v2.32\pic\dat\en_msgs.txt \
  -pivt0x8=08h -cn \
  -h+dist/default/production\mcu-canbus-distance-sensor.production.sym \
  --cmf=dist/default/production\mcu-canbus-distance-sensor.production.cmf \
  -z -Q18F27Q84 -oC:\Users\sahil\AppData\Local\Temp\xcAs1148.4 \
  --defsym=__MPLAB_BUILD=1 \
  -Mdist/default/production/mcu-canbus-distance-sensor.production.map -E1 \
  -ver=XC8 Compiler --acfsm=1493 -ASTACK=0A6Bh-037FFh -pstack=STACK \
  -ACODE=00h-01FFFFh -ACONST=00h-01FFFFh -ASMALLCONST=03800h-038FFhx456 \
  -AMEDIUMCONST=03800h-0FFFFh,013800h-01FFFFh -ACOMRAM=0501h-055Fh \
  -AABS1=0500h-037FFh -ABIGRAM=0501h-037FFh \
  -ARAM=0560h-05FFh,0600h-06FFhx50 -ABANK5=0560h-05FFh -ABANK6=0600h-06FFh \
  -ABANK7=0700h-07FFh -ABANK8=0800h-08FFh -ABANK9=0900h-09FFh \
  -ABANK10=0A00h-0AFFh -ABANK11=0B00h-0BFFh -ABANK12=0C00h-0CFFh \
  -ABANK13=0D00h-0DFFh -ABANK14=0E00h-0EFFh -ABANK15=0F00h-0FFFh \
  -ABANK16=01000h-010FFh -ABANK17=01100h-011FFh -ABANK18=01200h-012FFh \
  -ABANK19=01300h-013FFh -ABANK20=01400h-014FFh -ABANK21=01500h-015FFh \
  -ABANK22=01600h-016FFh -ABANK23=01700h-017FFh -ABANK24=01800h-018FFh \
  -ABANK25=01900h-019FFh -ABANK26=01A00h-01AFFh -ABANK27=01B00h-01BFFh \
  -ABANK28=01C00h-01CFFh -ABANK29=01D00h-01DFFh -ABANK30=01E00h-01EFFh \
  -ABANK31=01F00h-01FFFh -ABANK32=02000h-020FFh -ABANK33=02100h-021FFh \
  -ABANK34=02200h-022FFh -ABANK35=02300h-023FFh -ABANK36=02400h-024FFh \
  -ABANK37=02500h-025FFh -ABANK38=02600h-026FFh -ABANK39=02700h-027FFh \
  -ABANK40=02800h-028FFh -ABANK41=02900h-029FFh -ABANK42=02A00h-02AFFh \
  -ABANK43=02B00h-02BFFh -ABANK44=02C00h-02CFFh -ABANK45=02D00h-02DFFh \
  -ABANK46=02E00h-02EFFh -ABANK47=02F00h-02FFFh -ABANK48=03000h-030FFh \
  -ABANK49=03100h-031FFh -ABANK50=03200h-032FFh -ABANK51=03300h-033FFh \
  -ABANK52=03400h-034FFh -ABANK53=03500h-035FFh -ABANK54=03600h-036FFh \
  -ABANK55=03700h-037FFh -ASFR=00h-0FFhx4,0400h-045Fh,0460h-04FFh \
  -ACONFIG=0300000h-0300023h -AIDLOC=0200000h-020001Fh \
  -AEEDATA=0380000h-03803FFh -peeprom_data=EEDATA -preset_vec=00h \
  -ppowerup=CODE,init -pramtop=03800h -psmallconst=SMALLCONST \
  -pmediumconst=MEDIUMCONST -pconst=CONST -AFARRAM=00h-00h \
  -prdata=COMRAM,nvrram=COMRAM,nvbit=COMRAM,rbss=COMRAM,rbit=COMRAM \
  -pfarbss=FARRAM,fardata=FARRAM,nvFARRAM=FARRAM \
  -pintsave_regs=BIGRAM,bigbss=BIGRAM,bigdata=BIGRAM -pbss=RAM \
  -pidata=CODE,irdata=CODE,ibigdata=CODE,ifardata=CODE -prparam=COMRAM \
  C:\Users\sahil\AppData\Local\Temp\xcAs1148.o \
  dist/default/production\mcu-canbus-distance-sensor.production.o 

Object code version is 3.11

Machine type is 18F27Q84



                Name                               Link     Load   Length Selector   Space Scale
C:\Users\sahil\AppData\Local\Temp\xcAs1148.o
                idloc                            200000   200000       20        0       5
                config                           300000   300000       24        0       4
                init                                 1A       1A        4        4       0
                reset_vec                             0        0        4        0       0
dist/default/production\mcu-canbus-distance-sensor.production.o
                idloc                            200000   200000       20        0       5
                config                           300000   300000       24        0       4
                smallconst                         3800     3800       66     1C00       0
                ivt0x8                                8        8       12        4       0
                text78                             70E2     70E2       2A     1C33       0
                text77                             72F2     72F2        A     1C33       0
                text76                             731A     731A        6     1C33       0
                text75                             7314     7314        6     1C33       0
                text74                             730E     730E        6     1C33       0
                text73                             7308     7308        6     1C33       0
                text72                             7302     7302        6     1C33       0
                text71                             72E8     72E8        A     1C33       0
                text70                             72DE     72DE        A     1C33       0
                text69                             702C     702C       36     1C33       0
                text68                             7330     7330        2     1C33       0
                text67                             6E74     6E74       4E     1C33       0
                text66                             732E     732E        2     1C33       0
                text65                             6FF6     6FF6       36     1C33       0
                text64                             70B8     70B8       2A     1C33       0
                text63                             708E     708E       2A     1C33       0
                text62                             72FC     72FC        6     1C33       0
                text61                             732C     732C        2     1C33       0
                text60                             732A     732A        2     1C33       0
                text59                             6584     6584       CA     1C33       0
                text58                             6DC2     6DC2       5E     1C33       0
                text57                             724A     724A       14     1C33       0
                text56                             72D4     72D4        A     1C33       0
                text55                             6BA4     6BA4       88     1C33       0
                text54                             7236     7236       14     1C33       0
                text53                             7328     7328        2     1C33       0
                text52                             7062     7062       2C     1C33       0
                text51                             7222     7222       14     1C33       0
                text50                             6E20     6E20       54     1C33       0
                text49                             7324     7324        4     1C33       0
                text48                             71F4     71F4       18     1C33       0
                text47                             72B2     72B2        E     1C33       0
                text46                             72A4     72A4        E     1C33       0
                text45                             6B0E     6B0E       96     1C33       0
                text44                             7134     7134       28     1C33       0
                text43                             720C     720C       16     1C33       0
                text42                             71BE     71BE       1E     1C33       0
                text41                             7296     7296        E     1C33       0
                text40                             7288     7288        E     1C33       0
                text39                             727A     727A        E     1C33       0
                text38                             726C     726C        E     1C33       0
                text37                             6A78     6A78       96     1C33       0
                text36                             715C     715C       22     1C33       0
                text35                             5310     5310      39A     1C33       0
                text34                             4EC2     4EC2      44E     1C33       0
                text33                             4A02     4A02      4C0     1C33       0
                text32                             6EC2     6EC2       46     1C33       0
                text31                             5E0E     5E0E      1B4     1C33       0
                text30                             56AA     56AA      34E     1C33       0
                text29                             72CA     72CA        A     1C33       0
                text28                             719E     719E       20     1C33       0
                text27                             717E     717E       20     1C33       0
                text26                             6714     6714       C4     1C33       0
                text25                             6888     6888       B0     1C33       0
                text24                             6938     6938       AA     1C33       0
                text23                             60C8     60C8      104     1C33       0
                text22                             6FBE     6FBE       38     1C33       0
                text21                             5FC2     5FC2      106     1C33       0
                text20                             61CC     61CC       FE     1C33       0
                text19                             59F8     59F8      212     1C33       0
                text18                             71DC     71DC       18     1C33       0
                text17                             72C0     72C0        A     1C33       0
                text16                             69E2     69E2       96     1C33       0
                text15                             6F08     6F08       44     1C33       0
                text14                             6F4C     6F4C       3A     1C33       0
                text13                             664E     664E       C6     1C33       0
                text12                             6CFC     6CFC       66     1C33       0
                text11                             6F86     6F86       38     1C33       0
                text10                             6D62     6D62       60     1C33       0
                text9                              3866     3866      CAA     1C33       0
                text8                              62CA     62CA       FA     1C33       0
                text7                              63C4     63C4       F0     1C33       0
                text6                              64B4     64B4       D0     1C33       0
                text5                              5C0A     5C0A      204     1C33       0
                text4                              4510     4510      4F2     1C33       0
                text3                              6C2C     6C2C       6A     1C33       0
                text2                              710C     710C       28     1C33       0
                text1                              725E     725E        E     1C33       0
                text0                              67D8     67D8       B0     1C33       0
                cstackCOMRAM                        501      501       59      501       1
                cstackBANK5                         560      560       70      560       1
                cstackBANK6                         669      669        2      600       1
                bssBIGRAM                           66B      66B      400      66B       1
                bssBANK6                            600      600       60      600       1
                dataBANK5                           5FC      5FC        4      560       1
                bssBANK5                            5D0      5D0       23      560       1
                bssCOMRAM                           55A      55A        3      501       1
                cinit                              6C96     6C96       66     1C33       0
                nvBANK6                             660      660        9      600       1
                nvBANK5                             5F3      5F3        9      560       1
                idataBANK5                         7320     7320        4     1C33       0

TOTAL           Name                               Link     Load   Length     Space
        CLASS   STACK          

        CLASS   CODE           
                init                                 1A       1A        4         0
                reset_vec                             0        0        4         0
                ivt0x8                                8        8       12         0
                text78                             70E2     70E2       2A         0
                text77                             72F2     72F2        A         0
                text76                             731A     731A        6         0
                text75                             7314     7314        6         0
                text74                             730E     730E        6         0
                text73                             7308     7308        6         0
                text72                             7302     7302        6         0
                text71                             72E8     72E8        A         0
                text70                             72DE     72DE        A         0
                text69                             702C     702C       36         0
                text68                             7330     7330        2         0
                text67                             6E74     6E74       4E         0
                text66                             732E     732E        2         0
                text65                             6FF6     6FF6       36         0
                text64                             70B8     70B8       2A         0
                text63                             708E     708E       2A         0
                text62                             72FC     72FC        6         0
                text61                             732C     732C        2         0
                text60                             732A     732A        2         0
                text59                             6584     6584       CA         0
                text58                             6DC2     6DC2       5E         0
                text57                             724A     724A       14         0
                text56                             72D4     72D4        A         0
                text55                             6BA4     6BA4       88         0
                text54                             7236     7236       14         0
                text53                             7328     7328        2         0
                text52                             7062     7062       2C         0
                text51                             7222     7222       14         0
                text50                             6E20     6E20       54         0
                text49                             7324     7324        4         0
                text48                             71F4     71F4       18         0
                text47                             72B2     72B2        E         0
                text46                             72A4     72A4        E         0
                text45                             6B0E     6B0E       96         0
                text44                             7134     7134       28         0
                text43                             720C     720C       16         0
                text42                             71BE     71BE       1E         0
                text41                             7296     7296        E         0
                text40                             7288     7288        E         0
                text39                             727A     727A        E         0
                text38                             726C     726C        E         0
                text37                             6A78     6A78       96         0
                text36                             715C     715C       22         0
                text35                             5310     5310      39A         0
                text34                             4EC2     4EC2      44E         0
                text33                             4A02     4A02      4C0         0
                text32                             6EC2     6EC2       46         0
                text31                             5E0E     5E0E      1B4         0
                text30                             56AA     56AA      34E         0
                text29                             72CA     72CA        A         0
                text28                             719E     719E       20         0
                text27                             717E     717E       20         0
                text26                             6714     6714       C4         0
                text25                             6888     6888       B0         0
                text24                             6938     6938       AA         0
                text23                             60C8     60C8      104         0
                text22                             6FBE     6FBE       38         0
                text21                             5FC2     5FC2      106         0
                text20                             61CC     61CC       FE         0
                text19                             59F8     59F8      212         0
                text18                             71DC     71DC       18         0
                text17                             72C0     72C0        A         0
                text16                             69E2     69E2       96         0
                text15                             6F08     6F08       44         0
                text14                             6F4C     6F4C       3A         0
                text13                             664E     664E       C6         0
                text12                             6CFC     6CFC       66         0
                text11                             6F86     6F86       38         0
                text10                             6D62     6D62       60         0
                text9                              3866     3866      CAA         0
                text8                              62CA     62CA       FA         0
                text7                              63C4     63C4       F0         0
                text6                              64B4     64B4       D0         0
                text5                              5C0A     5C0A      204         0
                text4                              4510     4510      4F2         0
                text3                              6C2C     6C2C       6A         0
                text2                              710C     710C       28         0
                text1                              725E     725E        E         0
                text0                              67D8     67D8       B0         0
                cinit                              6C96     6C96       66         0
                idataBANK5                         7320     7320        4         0

        CLASS   CONST          

        CLASS   SMALLCONST     
                smallconst                         3800     3800       66         0

        CLASS   MEDIUMCONST    

        CLASS   COMRAM         
                cstackCOMRAM                        501      501       59         1
                bssCOMRAM                           55A      55A        3         1

        CLASS   ABS1           

        CLASS   BIGRAM         
                bssBIGRAM                           66B      66B      400         1

        CLASS   RAM            

        CLASS   BANK5          
                cstackBANK5                         560      560       70         1
                dataBANK5                           5FC      5FC        4         1
                bssBANK5                            5D0      5D0       23         1
                nvBANK5                             5F3      5F3        9         1

        CLASS   BANK6          
                cstackBANK6                         669      669        2         1
                bssBANK6                            600      600       60         1
                nvBANK6                             660      660        9         1

        CLASS   BANK7          

        CLASS   BANK8          

        CLASS   BANK9          

        CLASS   BANK10         

        CLASS   BANK11         

        CLASS   BANK12         

        CLASS   BANK13         

        CLASS   BANK14         

        CLASS   BANK15         

        CLASS   BANK16         

        CLASS   BANK17         

        CLASS   BANK18         

        CLASS   BANK19         

        CLASS   BANK20         

        CLASS   BANK21         

        CLASS   BANK22         

        CLASS   BANK23         

        CLASS   BANK24         

        CLASS   BANK25         

        CLASS   BANK26         

        CLASS   BANK27         

        CLASS   BANK28         

        CLASS   BANK29         

        CLASS   BANK30         

        CLASS   BANK31         

        CLASS   BANK32         

        CLASS   BANK33         

        CLASS   BANK34         

        CLASS   BANK35         

        CLASS   BANK36         

        CLASS   BANK37         

        CLASS   BANK38         

        CLASS   BANK39         

        CLASS   BANK40         

        CLASS   BANK41         

        CLASS   BANK42         

        CLASS   BANK43         

        CLASS   BANK44         

        CLASS   BANK45         

        CLASS   BANK46         

        CLASS   BANK47         

        CLASS   BANK48         

        CLASS   BANK49         

        CLASS   BANK50         

        CLASS   BANK51         

        CLASS   BANK52         

        CLASS   BANK53         

        CLASS   BANK54         

        CLASS   BANK55         

        CLASS   SFR            

        CLASS   CONFIG         
                config                           300000   300000       24         4

        CLASS   IDLOC          
                idloc                            200000   200000       20         5

        CLASS   EEDATA         

        CLASS   FARRAM         



SEGMENTS        Name                           Load    Length   Top    Selector   Space  Class

                reset_vec                      000000  000004  000004         0       0  CODE    
                ivt0x8                         000008  000016  00001E         4       0  CODE    
                cstackCOMRAM                   000501  00005C  00055D       501       1  COMRAM  
                cstackBANK5                    000560  0000A0  000600       560       1  BANK5   
                bssBANK6                       000600  00006B  00066B       600       1  BANK6   
                bssBIGRAM                      00066B  000400  000A6B       66B       1  BIGRAM  
                smallconst                     003800  000066  003866      1C00       0  SMALLCON
                text9                          003866  003ACC  007332      1C33       0  CODE    


UNUSED ADDRESS RANGES

        Name                Unused          Largest block    Delta
        BANK10           000A6B-000AFF               95
        BANK11           000B00-000BFF              100
        BANK12           000C00-000CFF              100
        BANK13           000D00-000DFF              100
        BANK14           000E00-000EFF              100
        BANK15           000F00-000FFF              100
        BANK16           001000-0010FF              100
        BANK17           001100-0011FF              100
        BANK18           001200-0012FF              100
        BANK19           001300-0013FF              100
        BANK20           001400-0014FF              100
        BANK21           001500-0015FF              100
        BANK22           001600-0016FF              100
        BANK23           001700-0017FF              100
        BANK24           001800-0018FF              100
        BANK25           001900-0019FF              100
        BANK26           001A00-001AFF              100
        BANK27           001B00-001BFF              100
        BANK28           001C00-001CFF              100
        BANK29           001D00-001DFF              100
        BANK30           001E00-001EFF              100
        BANK31           001F00-001FFF              100
        BANK32           002000-0020FF              100
        BANK33           002100-0021FF              100
        BANK34           002200-0022FF              100
        BANK35           002300-0023FF              100
        BANK36           002400-0024FF              100
        BANK37           002500-0025FF              100
        BANK38           002600-0026FF              100
        BANK39           002700-0027FF              100
        BANK40           002800-0028FF              100
        BANK41           002900-0029FF              100
        BANK42           002A00-002AFF              100
        BANK43           002B00-002BFF              100
        BANK44           002C00-002CFF              100
        BANK45           002D00-002DFF              100
        BANK46           002E00-002EFF              100
        BANK47           002F00-002FFF              100
        BANK48           003000-0030FF              100
        BANK49           003100-0031FF              100
        BANK50           003200-0032FF              100
        BANK51           003300-0033FF              100
        BANK52           003400-0034FF              100
        BANK53           003500-0035FF              100
        BANK54           003600-0036FF              100
        BANK55           003700-0037FF              100
        BIGRAM           00055D-00055F                3
                         000A6B-0037FF             2D95
        CODE             000004-000007                4
                         00001E-0037FF             37E2
                         007332-01FFFF            18CCE
        COMRAM           00055D-00055F                3
        CONST            000004-000007                4
                         00001E-0037FF             37E2
                         007332-01FFFF            18CCE
        EEDATA           380000-3803FF              400
        MEDIUMCONST      007332-00FFFF             8CCE
                         013800-01FFFF             C800
        RAM              000A6B-0037FF              100
        SFR              000000-0004FF              100
        SMALLCONST       007332-01FFFF              100
        STACK            000A6B-0037FF             2D95

                                  Symbol Table

?___awdiv                                      cstackCOMRAM 000504
?___awmod                                      cstackCOMRAM 000504
?___fladd                                      cstackCOMRAM 000504
?___fldiv                                      cstackCOMRAM 00052B
?___flmul                                      cstackCOMRAM 000512
?___flneg                                      cstackCOMRAM 000504
?___flsub                                      cstackCOMRAM 00052B
?___fltol                                      cstackCOMRAM 000504
?___fpclassifyf                                cstackCOMRAM 000504
?___lodiv                                      cstackCOMRAM 000504
?___lomod                                      cstackCOMRAM 000504
?___xxtofl                                     cstackCOMRAM 000504
?_calculateDistance                            cstackCOMRAM 000544
?_efgtoa                                       cstackBANK5  000560
?_floorf                                       cstackCOMRAM 000544
?_getTimerTicks                                cstackCOMRAM 000504
?_isupper                                      cstackCOMRAM 000504
?_pad                                          cstackCOMRAM 000516
?_printf                                       cstackBANK5  0005C6
?_strlen                                       cstackCOMRAM 000504
?_strncmp                                      cstackCOMRAM 000504
?_tolower                                      cstackCOMRAM 00050A
?_utoa                                         cstackCOMRAM 000521
?_vfpfcnvrt                                    cstackBANK5  0005A4
?_vfprintf                                     cstackBANK5  0005C0
CAN1_OperationModeSet@opMode                   cstackCOMRAM 000504
CAN1_OperationModeSet@requestMode              cstackCOMRAM 000506
CAN1_OperationModeSet@status                   cstackCOMRAM 000505
CAN1_RX_FIFO_ResetInfo@index                   cstackCOMRAM 000504
IOCCF1_SetInterruptHandler@InterruptHandler    cstackCOMRAM 000504
IOCCF5_SetInterruptHandler@InterruptHandler    cstackCOMRAM 000504
IVTBASEH                                       (abs)        00045E
IVTBASEL                                       (abs)        00045D
IVTBASEU                                       (abs)        00045F
TMR2_Counter8BitGet@readVal                    cstackCOMRAM 000501
TMR2_Counter8BitSet@timerVal                   cstackCOMRAM 000501
TMR2_HasOverflowOccured@status                 cstackCOMRAM 000501
TMR2_WriteTimer@timerVal                       cstackCOMRAM 000502
UART1_SetErrorHandler@interruptHandler         cstackCOMRAM 000504
UART1_SetFramingErrorHandler@interruptHandler  cstackCOMRAM 000504
UART1_SetOverrunErrorHandler@interruptHandler  cstackCOMRAM 000504
UART1_SetRxInterruptHandler@InterruptHandler   cstackCOMRAM 000504
UART1_Write@txData                             cstackCOMRAM 000504
_ANSELA                                        (abs)        000400
_ANSELB                                        (abs)        000408
_ANSELC                                        (abs)        000410
_C1CONH                                        (abs)        000101
_C1CONHbits                                    (abs)        000101
_C1CONL                                        (abs)        000100
_C1CONTbits                                    (abs)        000103
_C1CONU                                        (abs)        000102
_C1CONUbits                                    (abs)        000102
_C1FIFOBA                                      (abs)        00014C
_C1FIFOCON1H                                   (abs)        00015D
_C1FIFOCON1L                                   (abs)        00015C
_C1FIFOCON1T                                   (abs)        00015F
_C1FIFOCON1U                                   (abs)        00015E
_C1INTHbits                                    (abs)        00011D
_C1INTTbits                                    (abs)        00011F
_C1NBTCFGH                                     (abs)        000105
_C1NBTCFGL                                     (abs)        000104
_C1NBTCFGT                                     (abs)        000107
_C1NBTCFGU                                     (abs)        000106
_C1TRECUbits                                   (abs)        000136
_C1TXQCONH                                     (abs)        000151
_C1TXQCONL                                     (abs)        000150
_C1TXQCONT                                     (abs)        000153
_C1TXQCONU                                     (abs)        000152
_CAN1_BitRateConfiguration                     text57       00724A
_CAN1_Initialize                               text50       006E20
_CAN1_OperationModeGet                         text56       0072D4
_CAN1_OperationModeSet                         text55       006BA4
_CAN1_RX_FIFO_Configuration                    text54       007236
_CAN1_RX_FIFO_FilterMaskConfiguration          text53       007328
_CAN1_RX_FIFO_ResetInfo                        text52       007062
_CAN1_TX_FIFO_Configuration                    text51       007222
_CANRXPPS                                      (abs)        00023D
_DLC_BYTES                                     smallconst   003801
_INLVLA                                        (abs)        000404
_INLVLB                                        (abs)        00040C
_INLVLC                                        (abs)        000414
_INLVLE                                        (abs)        000424
_INTCON0bits                                   (abs)        0004D6
_INTERRUPT_Initialize                          text49       007324
_INTERRUPT_InterruptManager                    text58       006DC2
_IOCCF1_DefaultInterruptHandler                text66       00732E
_IOCCF1_ISR                                    text69       00702C
_IOCCF1_InterruptHandler                       nvBANK5      0005F6
_IOCCF1_SetInterruptHandler                    text47       0072B2
_IOCCF5_DefaultInterruptHandler                text68       007330
_IOCCF5_ISR                                    text65       006FF6
_IOCCF5_InterruptHandler                       nvBANK5      0005F3
_IOCCF5_SetInterruptHandler                    text46       0072A4
_IOCCFbits                                     (abs)        000417
_IOCCNbits                                     (abs)        000416
_IOCCPbits                                     (abs)        000415
_LATA                                          (abs)        0004BE
_LATB                                          (abs)        0004BF
_LATC                                          (abs)        0004C0
_LATCbits                                      (abs)        0004C0
_ODCONA                                        (abs)        000402
_ODCONB                                        (abs)        00040A
_ODCONC                                        (abs)        000412
_OSCCON1                                       (abs)        0000AD
_OSCCON3                                       (abs)        0000AF
_OSCEN                                         (abs)        0000B3
_OSCFRQ                                        (abs)        0000B1
_OSCILLATOR_Initialize                         text48       0071F4
_OSCTUNE                                       (abs)        0000B0
_PIE0bits                                      (abs)        00049E
_PIE4bits                                      (abs)        0004A2
_PIN_MANAGER_IOC                               text64       0070B8
_PIN_MANAGER_Initialize                        text45       006B0E
_PIR0bits                                      (abs)        0004AE
_PIR3bits                                      (abs)        0004B1
_PIR4bits                                      (abs)        0004B2
_PMD0                                          (abs)        000060
_PMD1                                          (abs)        000061
_PMD2                                          (abs)        000062
_PMD3                                          (abs)        000063
_PMD4                                          (abs)        000064
_PMD5                                          (abs)        000065
_PMD6                                          (abs)        000066
_PMD7                                          (abs)        000067
_PMD8                                          (abs)        000068
_PMD_Initialize                                text44       007134
_PORTCbits                                     (abs)        0004D0
_PR2                                           (abs)        000323
_RB1PPS                                        (abs)        00020A
_RB4PPS                                        (abs)        00020D
_SLRCONA                                       (abs)        000403
_SLRCONB                                       (abs)        00040B
_SLRCONC                                       (abs)        000413
_SYSTEM_Initialize                             text36       00715C
_T0CON0                                        (abs)        00031A
_T0CON0bits                                    (abs)        00031A
_T0CON1                                        (abs)        00031B
_T2CLKCON                                      (abs)        000326
_T2CON                                         (abs)        000324
_T2CONbits                                     (abs)        000324
_T2HLT                                         (abs)        000325
_T2HLTbits                                     (abs)        000325
_T2PR                                          (abs)        000323
_T2RST                                         (abs)        000327
_T2RSTbits                                     (abs)        000327
_T2TMR                                         (abs)        000322
_TMR0H                                         (abs)        000319
_TMR0L                                         (abs)        000318
_TMR0_Initialize                               text43       00720C
_TMR2                                          (abs)        000322
_TMR2_Counter8BitGet                           text77       0072F2
_TMR2_Counter8BitSet                           text71       0072E8
_TMR2_HasOverflowOccured                       text78       0070E2
_TMR2_Initialize                               text42       0071BE
_TMR2_ReadTimer                                text76       00731A
_TMR2_Start                                    text75       007314
_TMR2_StartTimer                               text74       00730E
_TMR2_Stop                                     text73       007308
_TMR2_StopTimer                                text72       007302
_TMR2_WriteTimer                               text70       0072DE
_TRISA                                         (abs)        0004C6
_TRISB                                         (abs)        0004C7
_TRISC                                         (abs)        0004C8
_TRISE                                         (abs)        0004CA
_U1BRGH                                        (abs)        0002AF
_U1BRGL                                        (abs)        0002AE
_U1CON0                                        (abs)        0002AB
_U1CON0bits                                    (abs)        0002AB
_U1CON1                                        (abs)        0002AC
_U1CON2                                        (abs)        0002AD
_U1ERRIE                                       (abs)        0002B3
_U1ERRIR                                       (abs)        0002B2
_U1ERRIRbits                                   (abs)        0002B2
_U1FIFO                                        (abs)        0002B0
_U1P1H                                         (abs)        0002A6
_U1P1L                                         (abs)        0002A5
_U1P2H                                         (abs)        0002A8
_U1P2L                                         (abs)        0002A7
_U1P3H                                         (abs)        0002AA
_U1P3L                                         (abs)        0002A9
_U1RXB                                         (abs)        0002A1
_U1RXPPS                                       (abs)        000272
_U1TXB                                         (abs)        0002A3
_U1UIR                                         (abs)        0002B1
_UART1_DefaultErrorHandler                     text62       0072FC
_UART1_DefaultFramingErrorHandler              text61       00732C
_UART1_DefaultOverrunErrorHandler              text60       00732A
_UART1_ErrorHandler                            nvBANK6      000660
_UART1_FramingErrorHandler                     nvBANK6      000666
_UART1_Initialize                              text37       006A78
_UART1_OverrunErrorHandler                     nvBANK6      000663
_UART1_Receive_ISR                             text59       006584
_UART1_RxDataHandler                           text63       00708E
_UART1_RxInterruptHandler                      nvBANK5      0005F9
_UART1_SetErrorHandler                         text41       007296
_UART1_SetFramingErrorHandler                  text40       007288
_UART1_SetOverrunErrorHandler                  text39       00727A
_UART1_SetRxInterruptHandler                   text38       00726C
_UART1_Write                                   text18       0071DC
_WPUA                                          (abs)        000401
_WPUB                                          (abs)        000409
_WPUC                                          (abs)        000411
_WPUE                                          (abs)        000421
__HRAM                                         (abs)        000000
__Habs1                                        abs1         000000
__Hbank10                                      bank10       000000
__Hbank11                                      bank11       000000
__Hbank12                                      bank12       000000
__Hbank13                                      bank13       000000
__Hbank14                                      bank14       000000
__Hbank15                                      bank15       000000
__Hbank16                                      bank16       000000
__Hbank17                                      bank17       000000
__Hbank18                                      bank18       000000
__Hbank19                                      bank19       000000
__Hbank20                                      bank20       000000
__Hbank21                                      bank21       000000
__Hbank22                                      bank22       000000
__Hbank23                                      bank23       000000
__Hbank24                                      bank24       000000
__Hbank25                                      bank25       000000
__Hbank26                                      bank26       000000
__Hbank27                                      bank27       000000
__Hbank28                                      bank28       000000
__Hbank29                                      bank29       000000
__Hbank30                                      bank30       000000
__Hbank31                                      bank31       000000
__Hbank32                                      bank32       000000
__Hbank33                                      bank33       000000
__Hbank34                                      bank34       000000
__Hbank35                                      bank35       000000
__Hbank36                                      bank36       000000
__Hbank37                                      bank37       000000
__Hbank38                                      bank38       000000
__Hbank39                                      bank39       000000
__Hbank40                                      bank40       000000
__Hbank41                                      bank41       000000
__Hbank42                                      bank42       000000
__Hbank43                                      bank43       000000
__Hbank44                                      bank44       000000
__Hbank45                                      bank45       000000
__Hbank46                                      bank46       000000
__Hbank47                                      bank47       000000
__Hbank48                                      bank48       000000
__Hbank49                                      bank49       000000
__Hbank5                                       bank5        000000
__Hbank50                                      bank50       000000
__Hbank51                                      bank51       000000
__Hbank52                                      bank52       000000
__Hbank53                                      bank53       000000
__Hbank54                                      bank54       000000
__Hbank55                                      bank55       000000
__Hbank6                                       bank6        000000
__Hbank7                                       bank7        000000
__Hbank8                                       bank8        000000
__Hbank9                                       bank9        000000
__Hbigbss                                      bigbss       000000
__Hbigdata                                     bigdata      000000
__Hbigram                                      bigram       000000
__Hbss                                         bss          000000
__HbssBANK5                                    bssBANK5     000000
__HbssBANK6                                    bssBANK6     000000
__HbssBIGRAM                                   bssBIGRAM    000000
__HbssCOMRAM                                   bssCOMRAM    000000
__Hcinit                                       cinit        000000
__Hclrtext                                     clrtext      000000
__Hcomram                                      comram       000000
__Hconfig                                      config       300024
__Hconst                                       const        000000
__HcstackBANK5                                 cstackBANK5  000000
__HcstackBANK6                                 cstackBANK6  000000
__HcstackCOMRAM                                cstackCOMRAM 000000
__Hdata                                        data         000000
__HdataBANK5                                   dataBANK5    000000
__Heeprom_data                                 eeprom_data  000000
__Hfarbss                                      farbss       000000
__Hfardata                                     fardata      000000
__Hibigdata                                    ibigdata     000000
__Hidata                                       idata        000000
__HidataBANK5                                  idataBANK5   000000
__Hidloc                                       idloc        200020
__Hifardata                                    ifardata     000000
__Hinit                                        init         00001E
__Hintsave_regs                                intsave_regs 000000
__Hirdata                                      irdata       000000
__Hivt0x8                                      ivt0x8       00001A
__Hmediumconst                                 mediumconst  000000
__HnvBANK5                                     nvBANK5      000000
__HnvBANK6                                     nvBANK6      000000
__HnvFARRAM                                    nvFARRAM     000000
__Hnvbit                                       nvbit        000000
__Hnvrram                                      nvrram       000000
__Hparam                                       rparam       000000
__Hpowerup                                     powerup      000000
__Hram                                         ram          000000
__Hramtop                                      ramtop       003800
__Hrbit                                        rbit         000000
__Hrbss                                        rbss         000000
__Hrdata                                       rdata        000000
__Hreset_vec                                   reset_vec    000004
__Hrparam                                      rparam       000000
__Hsfr                                         sfr          000000
__Hsmallconst                                  smallconst   003866
__Hspace_0                                     (abs)        007332
__Hspace_1                                     (abs)        000A6B
__Hspace_2                                     (abs)        000000
__Hspace_4                                     (abs)        600024
__Hstack                                       stack        000000
__Hstruct                                      struct       000000
__Htemp                                        temp         000000
__Htext                                        text         000000
__Htext0                                       text0        000000
__Htext1                                       text1        000000
__Htext10                                      text10       000000
__Htext11                                      text11       000000
__Htext12                                      text12       000000
__Htext13                                      text13       000000
__Htext14                                      text14       000000
__Htext15                                      text15       000000
__Htext16                                      text16       000000
__Htext17                                      text17       000000
__Htext18                                      text18       000000
__Htext19                                      text19       000000
__Htext2                                       text2        000000
__Htext20                                      text20       000000
__Htext21                                      text21       000000
__Htext22                                      text22       000000
__Htext23                                      text23       000000
__Htext24                                      text24       000000
__Htext25                                      text25       000000
__Htext26                                      text26       000000
__Htext27                                      text27       000000
__Htext28                                      text28       000000
__Htext29                                      text29       000000
__Htext3                                       text3        000000
__Htext30                                      text30       000000
__Htext31                                      text31       000000
__Htext32                                      text32       000000
__Htext33                                      text33       000000
__Htext34                                      text34       000000
__Htext35                                      text35       000000
__Htext36                                      text36       000000
__Htext37                                      text37       000000
__Htext38                                      text38       000000
__Htext39                                      text39       000000
__Htext4                                       text4        000000
__Htext40                                      text40       000000
__Htext41                                      text41       000000
__Htext42                                      text42       000000
__Htext43                                      text43       000000
__Htext44                                      text44       000000
__Htext45                                      text45       000000
__Htext46                                      text46       000000
__Htext47                                      text47       000000
__Htext48                                      text48       000000
__Htext49                                      text49       000000
__Htext5                                       text5        000000
__Htext50                                      text50       000000
__Htext51                                      text51       000000
__Htext52                                      text52       000000
__Htext53                                      text53       000000
__Htext54                                      text54       000000
__Htext55                                      text55       000000
__Htext56                                      text56       000000
__Htext57                                      text57       000000
__Htext58                                      text58       000000
__Htext59                                      text59       000000
__Htext6                                       text6        000000
__Htext60                                      text60       000000
__Htext61                                      text61       000000
__Htext62                                      text62       000000
__Htext63                                      text63       000000
__Htext64                                      text64       000000
__Htext65                                      text65       000000
__Htext66                                      text66       000000
__Htext67                                      text67       000000
__Htext68                                      text68       000000
__Htext69                                      text69       000000
__Htext7                                       text7        000000
__Htext70                                      text70       000000
__Htext71                                      text71       000000
__Htext72                                      text72       000000
__Htext73                                      text73       000000
__Htext74                                      text74       000000
__Htext75                                      text75       000000
__Htext76                                      text76       000000
__Htext77                                      text77       000000
__Htext78                                      text78       000000
__Htext79                                      text79       000000
__Htext8                                       text8        000000
__Htext9                                       text9        000000
__LRAM                                         (abs)        000001
__Labs1                                        abs1         000000
__Lbank10                                      bank10       000000
__Lbank11                                      bank11       000000
__Lbank12                                      bank12       000000
__Lbank13                                      bank13       000000
__Lbank14                                      bank14       000000
__Lbank15                                      bank15       000000
__Lbank16                                      bank16       000000
__Lbank17                                      bank17       000000
__Lbank18                                      bank18       000000
__Lbank19                                      bank19       000000
__Lbank20                                      bank20       000000
__Lbank21                                      bank21       000000
__Lbank22                                      bank22       000000
__Lbank23                                      bank23       000000
__Lbank24                                      bank24       000000
__Lbank25                                      bank25       000000
__Lbank26                                      bank26       000000
__Lbank27                                      bank27       000000
__Lbank28                                      bank28       000000
__Lbank29                                      bank29       000000
__Lbank30                                      bank30       000000
__Lbank31                                      bank31       000000
__Lbank32                                      bank32       000000
__Lbank33                                      bank33       000000
__Lbank34                                      bank34       000000
__Lbank35                                      bank35       000000
__Lbank36                                      bank36       000000
__Lbank37                                      bank37       000000
__Lbank38                                      bank38       000000
__Lbank39                                      bank39       000000
__Lbank40                                      bank40       000000
__Lbank41                                      bank41       000000
__Lbank42                                      bank42       000000
__Lbank43                                      bank43       000000
__Lbank44                                      bank44       000000
__Lbank45                                      bank45       000000
__Lbank46                                      bank46       000000
__Lbank47                                      bank47       000000
__Lbank48                                      bank48       000000
__Lbank49                                      bank49       000000
__Lbank5                                       bank5        000000
__Lbank50                                      bank50       000000
__Lbank51                                      bank51       000000
__Lbank52                                      bank52       000000
__Lbank53                                      bank53       000000
__Lbank54                                      bank54       000000
__Lbank55                                      bank55       000000
__Lbank6                                       bank6        000000
__Lbank7                                       bank7        000000
__Lbank8                                       bank8        000000
__Lbank9                                       bank9        000000
__Lbigbss                                      bigbss       000000
__Lbigdata                                     bigdata      000000
__Lbigram                                      bigram       000000
__Lbss                                         bss          000000
__LbssBANK5                                    bssBANK5     000000
__LbssBANK6                                    bssBANK6     000000
__LbssBIGRAM                                   bssBIGRAM    000000
__LbssCOMRAM                                   bssCOMRAM    000000
__Lcinit                                       cinit        000000
__Lclrtext                                     clrtext      000000
__Lcomram                                      comram       000000
__Lconfig                                      config       000000
__Lconst                                       const        000000
__LcstackBANK5                                 cstackBANK5  000000
__LcstackBANK6                                 cstackBANK6  000000
__LcstackCOMRAM                                cstackCOMRAM 000000
__Ldata                                        data         000000
__LdataBANK5                                   dataBANK5    000000
__Leeprom_data                                 eeprom_data  000000
__Lfarbss                                      farbss       000000
__Lfardata                                     fardata      000000
__Libigdata                                    ibigdata     000000
__Lidata                                       idata        000000
__LidataBANK5                                  idataBANK5   000000
__Lidloc                                       idloc        000000
__Lifardata                                    ifardata     000000
__Linit                                        init         00001A
__Lintsave_regs                                intsave_regs 000000
__Lirdata                                      irdata       000000
__Livt0x8                                      ivt0x8       000008
__Lmediumconst                                 mediumconst  000000
__LnvBANK5                                     nvBANK5      000000
__LnvBANK6                                     nvBANK6      000000
__LnvFARRAM                                    nvFARRAM     000000
__Lnvbit                                       nvbit        000000
__Lnvrram                                      nvrram       000000
__Lparam                                       rparam       000000
__Lpowerup                                     powerup      000000
__Lram                                         ram          000000
__Lramtop                                      ramtop       003800
__Lrbit                                        rbit         000000
__Lrbss                                        rbss         000000
__Lrdata                                       rdata        000000
__Lreset_vec                                   reset_vec    000000
__Lrparam                                      rparam       000000
__Lsfr                                         sfr          000000
__Lsmallconst                                  smallconst   003800
__Lspace_0                                     (abs)        000000
__Lspace_1                                     (abs)        000000
__Lspace_2                                     (abs)        000000
__Lspace_4                                     (abs)        000000
__Lstack                                       stack        000000
__Lstruct                                      struct       000000
__Ltemp                                        temp         000000
__Ltext                                        text         000000
__Ltext0                                       text0        000000
__Ltext1                                       text1        000000
__Ltext10                                      text10       000000
__Ltext11                                      text11       000000
__Ltext12                                      text12       000000
__Ltext13                                      text13       000000
__Ltext14                                      text14       000000
__Ltext15                                      text15       000000
__Ltext16                                      text16       000000
__Ltext17                                      text17       000000
__Ltext18                                      text18       000000
__Ltext19                                      text19       000000
__Ltext2                                       text2        000000
__Ltext20                                      text20       000000
__Ltext21                                      text21       000000
__Ltext22                                      text22       000000
__Ltext23                                      text23       000000
__Ltext24                                      text24       000000
__Ltext25                                      text25       000000
__Ltext26                                      text26       000000
__Ltext27                                      text27       000000
__Ltext28                                      text28       000000
__Ltext29                                      text29       000000
__Ltext3                                       text3        000000
__Ltext30                                      text30       000000
__Ltext31                                      text31       000000
__Ltext32                                      text32       000000
__Ltext33                                      text33       000000
__Ltext34                                      text34       000000
__Ltext35                                      text35       000000
__Ltext36                                      text36       000000
__Ltext37                                      text37       000000
__Ltext38                                      text38       000000
__Ltext39                                      text39       000000
__Ltext4                                       text4        000000
__Ltext40                                      text40       000000
__Ltext41                                      text41       000000
__Ltext42                                      text42       000000
__Ltext43                                      text43       000000
__Ltext44                                      text44       000000
__Ltext45                                      text45       000000
__Ltext46                                      text46       000000
__Ltext47                                      text47       000000
__Ltext48                                      text48       000000
__Ltext49                                      text49       000000
__Ltext5                                       text5        000000
__Ltext50                                      text50       000000
__Ltext51                                      text51       000000
__Ltext52                                      text52       000000
__Ltext53                                      text53       000000
__Ltext54                                      text54       000000
__Ltext55                                      text55       000000
__Ltext56                                      text56       000000
__Ltext57                                      text57       000000
__Ltext58                                      text58       000000
__Ltext59                                      text59       000000
__Ltext6                                       text6        000000
__Ltext60                                      text60       000000
__Ltext61                                      text61       000000
__Ltext62                                      text62       000000
__Ltext63                                      text63       000000
__Ltext64                                      text64       000000
__Ltext65                                      text65       000000
__Ltext66                                      text66       000000
__Ltext67                                      text67       000000
__Ltext68                                      text68       000000
__Ltext69                                      text69       000000
__Ltext7                                       text7        000000
__Ltext70                                      text70       000000
__Ltext71                                      text71       000000
__Ltext72                                      text72       000000
__Ltext73                                      text73       000000
__Ltext74                                      text74       000000
__Ltext75                                      text75       000000
__Ltext76                                      text76       000000
__Ltext77                                      text77       000000
__Ltext78                                      text78       000000
__Ltext79                                      text79       000000
__Ltext8                                       text8        000000
__Ltext9                                       text9        000000
__S0                                           (abs)        007332
__S1                                           (abs)        000A6B
__S2                                           (abs)        000000
__S4                                           (abs)        000000
__S5                                           (abs)        000000
___awdiv                                       text26       006714
___awdiv@counter                               cstackCOMRAM 000508
___awdiv@dividend                              cstackCOMRAM 000504
___awdiv@divisor                               cstackCOMRAM 000506
___awdiv@quotient                              cstackCOMRAM 00050A
___awdiv@sign                                  cstackCOMRAM 000509
___awmod                                       text25       006888
___awmod@counter                               cstackCOMRAM 000508
___awmod@dividend                              cstackCOMRAM 000504
___awmod@divisor                               cstackCOMRAM 000506
___awmod@sign                                  cstackCOMRAM 000509
___fladd                                       text33       004A02
___fladd@a                                     cstackCOMRAM 000508
___fladd@aexp                                  cstackCOMRAM 000511
___fladd@b                                     cstackCOMRAM 000504
___fladd@bexp                                  cstackCOMRAM 000512
___fladd@grs                                   cstackCOMRAM 000513
___fladd@signs                                 cstackCOMRAM 000510
___fldiv                                       text35       005310
___fldiv@a                                     cstackCOMRAM 00052F
___fldiv@aexp                                  cstackCOMRAM 000543
___fldiv@b                                     cstackCOMRAM 00052B
___fldiv@bexp                                  cstackCOMRAM 000542
___fldiv@grs                                   cstackCOMRAM 00053E
___fldiv@new_exp                               cstackCOMRAM 00053C
___fldiv@rem                                   cstackCOMRAM 000537
___fldiv@sign                                  cstackCOMRAM 00053B
___fleq                                        text24       006938
___fleq@ff1                                    cstackCOMRAM 000504
___fleq@ff2                                    cstackCOMRAM 000508
___flge                                        text23       0060C8
___flge@ff1                                    cstackCOMRAM 00052B
___flge@ff2                                    cstackCOMRAM 00052F
___flmul                                       text34       004EC2
___flmul@a                                     cstackCOMRAM 000516
___flmul@aexp                                  cstackCOMRAM 00051F
___flmul@b                                     cstackCOMRAM 000512
___flmul@bexp                                  cstackCOMRAM 000524
___flmul@grs                                   cstackCOMRAM 000520
___flmul@prod                                  cstackCOMRAM 000525
___flmul@sign                                  cstackCOMRAM 00051E
___flmul@temp                                  cstackCOMRAM 000529
___flneg                                       text22       006FBE
___flneg@f1                                    cstackCOMRAM 000504
___flsub                                       text32       006EC2
___flsub@a                                     cstackCOMRAM 00052F
___flsub@b                                     cstackCOMRAM 00052B
___fltol                                       text21       005FC2
___fltol@exp1                                  cstackCOMRAM 00050D
___fltol@f1                                    cstackCOMRAM 000504
___fltol@sign1                                 cstackCOMRAM 00050C
___fpclassifyf                                 text20       0061CC
___fpclassifyf@F465                            bssBANK5     0005DC
___fpclassifyf@e                               cstackCOMRAM 00050C
___fpclassifyf@u                               cstackCOMRAM 00050E
___fpclassifyf@x                               cstackCOMRAM 000504
___inthi_sp                                    stack        000000
___intlo_sp                                    stack        000000
___lodiv                                       text7        0063C4
___lodiv@counter                               cstackCOMRAM 00051C
___lodiv@dividend                              cstackCOMRAM 000504
___lodiv@divisor                               cstackCOMRAM 00050C
___lodiv@quotient                              cstackCOMRAM 000514
___lomod                                       text6        0064B4
___lomod@counter                               cstackCOMRAM 000514
___lomod@dividend                              cstackCOMRAM 000504
___lomod@divisor                               cstackCOMRAM 00050C
___param_bank                                  (abs)        000000
___rparam_used                                 (abs)        000001
___sp                                          stack        000000
___xxtofl                                      text31       005E0E
___xxtofl@arg                                  cstackCOMRAM 00050E
___xxtofl@exp                                  cstackCOMRAM 00050D
___xxtofl@sign                                 cstackCOMRAM 00050C
___xxtofl@val                                  cstackCOMRAM 000504
__accesstop                                    (abs)        000560
__activetblptr                                 (abs)        000003
__end_of_CAN1_BitRateConfiguration             text57       00725E
__end_of_CAN1_Initialize                       text50       006E74
__end_of_CAN1_OperationModeGet                 text56       0072DE
__end_of_CAN1_OperationModeSet                 text55       006C2C
__end_of_CAN1_RX_FIFO_Configuration            text54       00724A
__end_of_CAN1_RX_FIFO_FilterMaskConfiguration  text53       00732A
__end_of_CAN1_RX_FIFO_ResetInfo                text52       00708E
__end_of_CAN1_TX_FIFO_Configuration            text51       007236
__end_of_DLC_BYTES                             smallconst   00380A
__end_of_FIFO                                  smallconst   00380C
__end_of_INTERRUPT_Initialize                  text49       007328
__end_of_INTERRUPT_InterruptManager            text58       006E20
__end_of_IOCCF1_DefaultInterruptHandler        text66       007330
__end_of_IOCCF1_ISR                            text69       007062
__end_of_IOCCF1_SetInterruptHandler            text47       0072C0
__end_of_IOCCF5_DefaultInterruptHandler        text68       007332
__end_of_IOCCF5_ISR                            text65       00702C
__end_of_IOCCF5_SetInterruptHandler            text46       0072B2
__end_of_OSCILLATOR_Initialize                 text48       00720C
__end_of_PIN_MANAGER_IOC                       text64       0070E2
__end_of_PIN_MANAGER_Initialize                text45       006BA4
__end_of_PMD_Initialize                        text44       00715C
__end_of_SYSTEM_Initialize                     text36       00717E
__end_of_TMR0_Initialize                       text43       007222
__end_of_TMR2_Counter8BitGet                   text77       0072FC
__end_of_TMR2_Counter8BitSet                   text71       0072F2
__end_of_TMR2_HasOverflowOccured               text78       00710C
__end_of_TMR2_Initialize                       text42       0071DC
__end_of_TMR2_ReadTimer                        text76       007320
__end_of_TMR2_Start                            text75       00731A
__end_of_TMR2_StartTimer                       text74       007314
__end_of_TMR2_Stop                             text73       00730E
__end_of_TMR2_StopTimer                        text72       007308
__end_of_TMR2_WriteTimer                       text70       0072E8
__end_of_UART1_DefaultErrorHandler             text62       007302
__end_of_UART1_DefaultFramingErrorHandler      text61       00732E
__end_of_UART1_DefaultOverrunErrorHandler      text60       00732C
__end_of_UART1_Initialize                      text37       006B0E
__end_of_UART1_Receive_ISR                     text59       00664E
__end_of_UART1_RxDataHandler                   text63       0070B8
__end_of_UART1_SetErrorHandler                 text41       0072A4
__end_of_UART1_SetFramingErrorHandler          text40       007296
__end_of_UART1_SetOverrunErrorHandler          text39       007288
__end_of_UART1_SetRxInterruptHandler           text38       00727A
__end_of_UART1_Write                           text18       0071F4
__end_of___awdiv                               text26       0067D8
__end_of___awmod                               text25       006938
__end_of___fladd                               text33       004EC2
__end_of___fldiv                               text35       0056AA
__end_of___fleq                                text24       0069E2
__end_of___flge                                text23       0061CC
__end_of___flmul                               text34       005310
__end_of___flneg                               text22       006FF6
__end_of___flsub                               text32       006F08
__end_of___fltol                               text21       0060C8
__end_of___fpclassifyf                         text20       0062CA
__end_of___lodiv                               text7        0064B4
__end_of___lomod                               text6        006584
__end_of___xxtofl                              text31       005FC2
__end_of__initialization                       cinit        006CF6
__end_of_calculateDistance                     text30       0059F8
__end_of_efgtoa                                text9        004510
__end_of_floorf                                text19       005C0A
__end_of_fputc                                 text16       006A78
__end_of_fputs                                 text15       006F4C
__end_of_getTimerTicks                         text29       0072D4
__end_of_handleEcho                            text67       006EC2
__end_of_hasDistanceErrorOccured               text28       0071BE
__end_of_isDistanceReady                       text27       00719E
__end_of_isupper                               text11       006FBE
__end_of_main                                  text0        006888
__end_of_pad                                   text13       006714
__end_of_printf                                text2        007134
__end_of_putch                                 text17       0072CA
__end_of_sendTrigger                           text1        00726C
__end_of_strcpy                                text12       006D62
__end_of_strlen                                text14       006F86
__end_of_strncmp                               text8        0063C4
__end_of_tolower                               text10       006DC2
__end_of_utoa                                  text5        005E0E
__end_of_vfpfcnvrt                             text4        004A02
__end_of_vfprintf                              text3        006C96
__initialization                               cinit        006C96
__mediumconst                                  mediumconst  000000
__pbssBANK5                                    bssBANK5     0005D0
__pbssBANK6                                    bssBANK6     000600
__pbssBIGRAM                                   bssBIGRAM    00066B
__pbssCOMRAM                                   bssCOMRAM    00055A
__pcinit                                       cinit        006C96
__pcstackBANK5                                 cstackBANK5  000560
__pcstackBANK6                                 cstackBANK6  000669
__pcstackCOMRAM                                cstackCOMRAM 000501
__pdataBANK5                                   dataBANK5    0005FC
__pidataBANK5                                  idataBANK5   007320
__pivt0x8                                      ivt0x8       000008
__pnvBANK5                                     nvBANK5      0005F3
__pnvBANK6                                     nvBANK6      000660
__psmallconst                                  smallconst   003800
__ptext0                                       text0        0067D8
__ptext1                                       text1        00725E
__ptext10                                      text10       006D62
__ptext11                                      text11       006F86
__ptext12                                      text12       006CFC
__ptext13                                      text13       00664E
__ptext14                                      text14       006F4C
__ptext15                                      text15       006F08
__ptext16                                      text16       0069E2
__ptext17                                      text17       0072C0
__ptext18                                      text18       0071DC
__ptext19                                      text19       0059F8
__ptext2                                       text2        00710C
__ptext20                                      text20       0061CC
__ptext21                                      text21       005FC2
__ptext22                                      text22       006FBE
[...]
__size_of___fpclassifyf                        (abs)        000000
__size_of___lodiv                              (abs)        000000
__size_of___lomod                              (abs)        000000
__size_of___xxtofl                             (abs)        000000
__size_of_calculateDistance                    (abs)        000000
__size_of_efgtoa                               (abs)        000000
__size_of_floorf                               (abs)        000000
__size_of_fputc                                (abs)        000000
__size_of_fputs                                (abs)        000000
__size_of_getTimerTicks                        (abs)        000000
__size_of_handleEcho                           (abs)        000000
__size_of_hasDistanceErrorOccured              (abs)        000000
__size_of_isDistanceReady                      (abs)        000000
__size_of_isupper                              (abs)        000000
__size_of_main                                 (abs)        000000
__size_of_pad                                  (abs)        000000
__size_of_printf                               (abs)        000000
__size_of_putch                                (abs)        000000
__size_of_sendTrigger                          (abs)        000000
__size_of_strcpy                               (abs)        000000
__size_of_strlen                               (abs)        000000
__size_of_strncmp                              (abs)        000000
__size_of_tolower                              (abs)        000000
__size_of_utoa                                 (abs)        000000
__size_of_vfpfcnvrt                            (abs)        000000
__size_of_vfprintf                             (abs)        000000
__smallconst                                   smallconst   003800
_average                                       bssBANK5     0005E0
_calculateDistance                             text30       0056AA
_calculateDistance$2629                        cstackCOMRAM 00054A
_calculateDistance$2630                        cstackCOMRAM 00054E
_counter                                       bssBANK5     0005EC
_dbuf                                          bssBANK6     000608
_distance                                      bssBIGRAM    00066B
_distanceError                                 bssBANK5     0005F0
_distanceReady                                 bssBANK5     0005F1
_efgtoa                                        text9        003866
_efgtoa$2189                                   cstackBANK5  00056C
_efgtoa$2190                                   cstackBANK5  00056E
_efgtoa$2195                                   cstackBANK5  000570
_efgtoa$2199                                   cstackBANK5  000572
_efgtoa$2200                                   cstackBANK5  000574
_efgtoa$2201                                   cstackBANK5  000576
_flags                                         bssBANK5     0005EA
_floorf                                        text19       0059F8
_fputc                                         text16       0069E2
_fputs                                         text15       006F08
_getTimerTicks                                 text29       0072CA
_handleEcho                                    text67       006E74
_hasDistanceErrorOccured                       text28       00719E
_isDistanceReady                               text27       00717E
_isupper                                       text11       006F86
_main                                          text0        0067D8
_nout                                          bssBANK5     0005E4
_pad                                           text13       00664E
_prec                                          bssBANK5     0005E8
_printf                                        text2        00710C
_putch                                         text17       0072C0
_rxFifos                                       dataBANK5    0005FE
_rxMsgData                                     bssBANK6     000658
_sendTrigger                                   text1        00725E
_strcpy                                        text12       006CFC
_strlen                                        text14       006F4C
_strncmp                                       text8        0062CA
_timerTicks                                    bssBANK5     0005EE
_toggle                                        dataBANK5    0005FC
_tolower                                       text10       006D62
_tolower$2317                                  cstackCOMRAM 000510
_uart1RxBuffer                                 bssBANK6     000600
_uart1RxCount                                  bssCOMRAM    00055A
_uart1RxHead                                   bssCOMRAM    00055C
_uart1RxLastError                              bssBANK5     0005F2
_uart1RxStatusBuffer                           bssBANK5     0005D0
_uart1RxTail                                   bssCOMRAM    00055B
_utoa                                          text5        005C0A
_vfpfcnvrt                                     text4        004510
_vfpfcnvrt$2225                                cstackBANK5  0005B6
_vfprintf                                      text3        006C2C
_width                                         bssBANK5     0005E6
calculateDistance@i                            cstackCOMRAM 000552
efgtoa@c                                       cstackBANK5  000566
efgtoa@d                                       cstackBANK5  000584
efgtoa@e                                       cstackBANK5  00059C
efgtoa@f                                       cstackBANK5  000562
efgtoa@fp                                      cstackBANK5  000560
efgtoa@g                                       cstackBANK5  000598
efgtoa@h                                       cstackBANK5  00058E
efgtoa@i                                       cstackBANK5  000596
efgtoa@l                                       cstackBANK5  000592
efgtoa@m                                       cstackBANK5  00057E
efgtoa@mode                                    cstackBANK5  00058D
efgtoa@n                                       cstackBANK5  00059E
efgtoa@ne                                      cstackBANK5  00057C
efgtoa@nmode                                   cstackBANK5  00058C
efgtoa@ou                                      cstackBANK5  000580
efgtoa@p                                       cstackBANK5  000588
efgtoa@pp                                      cstackBANK5  00057A
efgtoa@sign                                    cstackBANK5  000586
efgtoa@t                                       cstackBANK5  000578
efgtoa@u                                       cstackBANK5  0005A0
efgtoa@w                                       cstackBANK5  00058A
end_of_initialization                          cinit        006CF6
floorf@F527                                    bssBANK5     0005D8
floorf@e                                       cstackCOMRAM 000552
floorf@m                                       cstackCOMRAM 00054E
floorf@u                                       cstackCOMRAM 000554
floorf@x                                       cstackCOMRAM 000544
fputc@c                                        cstackCOMRAM 000506
fputc@fp                                       cstackCOMRAM 000508
fputs@c                                        cstackCOMRAM 000513
fputs@fp                                       cstackCOMRAM 000511
fputs@i                                        cstackCOMRAM 000514
fputs@s                                        cstackCOMRAM 00050F
intlevel0                                      text         000000
intlevel1                                      text         000000
intlevel2                                      text         000000
intlevel3                                      text         000000
isa$std                                        (abs)        000001
isa$xinst                                      (abs)        000000
isupper@c                                      cstackCOMRAM 000504
ivt0x8_base                                    ivt0x8       000008
pad@buf                                        cstackCOMRAM 000518
pad@fp                                         cstackCOMRAM 000516
pad@i                                          cstackCOMRAM 00051D
pad@p                                          cstackCOMRAM 00051A
pad@w                                          cstackCOMRAM 00051F
printf@ap                                      cstackBANK5  0005CE
printf@fmt                                     cstackBANK5  0005C6
putch@txData                                   cstackCOMRAM 000505
stackhi                                        (abs)        0037FF
stacklo                                        (abs)        000A6B
start                                          init         00001A
start_initialization                           cinit        006C96
strcpy@d                                       cstackCOMRAM 00050C
strcpy@dest                                    cstackCOMRAM 000504
strcpy@s                                       cstackCOMRAM 00050A
strcpy@src                                     cstackCOMRAM 000506
strlen@a                                       cstackCOMRAM 000506
strlen@s                                       cstackCOMRAM 000504
strncmp@_l                                     cstackCOMRAM 000504
strncmp@_r                                     cstackCOMRAM 000506
strncmp@l                                      cstackCOMRAM 00050B
strncmp@n                                      cstackCOMRAM 000508
strncmp@r                                      cstackCOMRAM 00050D
tolower@c                                      cstackCOMRAM 00050A
utoa@d                                         cstackCOMRAM 000523
utoa@fp                                        cstackCOMRAM 000521
utoa@i                                         cstackCOMRAM 00053F
utoa@n                                         cstackCOMRAM 000537
utoa@p                                         cstackCOMRAM 000533
utoa@w                                         cstackCOMRAM 000535
vfpfcnvrt@ap                                   cstackBANK5  0005A8
vfpfcnvrt@c                                    cstackBANK5  0005BF
vfpfcnvrt@ct                                   cstackBANK5  0005BC
vfpfcnvrt@f                                    cstackBANK5  0005B8
vfpfcnvrt@fmt                                  cstackBANK5  0005A6
vfpfcnvrt@fp                                   cstackBANK5  0005A4
vfpfcnvrt@llu                                  cstackBANK5  0005AE
vfprintf@ap                                    cstackBANK5  0005C4
vfprintf@cfmt                                  cstackCOMRAM 000558
vfprintf@fmt                                   cstackBANK5  0005C2
vfprintf@fp                                    cstackBANK5  0005C0


MODULE INFORMATION

Module		Function		Class		Link	Load	Size
C:\Program Files\Microchip\xc8\v2.32\pic\sources\c99\common\awdiv.c
		___awdiv       		CODE           	6714	0000	196

C:\Program Files\Microchip\xc8\v2.32\pic\sources\c99\common\awdiv.c estimated size: 196

mcc_generated_files/can1.c
		_CAN1_BitRateConfiguration		CODE           	724A	0000	20
		_CAN1_TX_FIFO_Configuration		CODE           	7222	0000	20
		_CAN1_OperationModeGet		CODE           	72D4	0000	10
		_CAN1_Initialize		CODE           	6E20	0000	84
		_CAN1_RX_FIFO_FilterMaskConfiguration		CODE           	7328	0000	2
		_CAN1_RX_FIFO_Configuration		CODE           	7236	0000	20
		_CAN1_RX_FIFO_ResetInfo		CODE           	7062	0000	44
		_CAN1_OperationModeSet		CODE           	6BA4	0000	136

mcc_generated_files/can1.c estimated size: 336

C:\Program Files\Microchip\xc8\v2.32\pic\sources\c99\common\sprcadd.c
		___flsub       		CODE           	6EC2	0000	70
		___fladd       		CODE           	4A02	0000	1216

C:\Program Files\Microchip\xc8\v2.32\pic\sources\c99\common\sprcadd.c estimated size: 1286

C:\Program Files\Microchip\xc8\v2.32\pic\sources\c99\common\doprnt.c
		_vfpfcnvrt     		CODE           	4510	0000	1266
		_efgtoa        		CODE           	3866	0000	3242
		_pad           		CODE           	664E	0000	198
		_vfprintf      		CODE           	6C2C	0000	106
		_utoa          		CODE           	5C0A	0000	516

C:\Program Files\Microchip\xc8\v2.32\pic\sources\c99\common\doprnt.c estimated size: 5328

C:\Program Files\Microchip\xc8\v2.32\pic\sources\c99\common\flneg.c
		___flneg       		CODE           	6FBE	0000	56

C:\Program Files\Microchip\xc8\v2.32\pic\sources\c99\common\flneg.c estimated size: 56

mcc_generated_files/tmr2.c
		_TMR2_Initialize		CODE           	71BE	0000	30
		_TMR2_Stop     		CODE           	7308	0000	6
		_TMR2_Start    		CODE           	7314	0000	6
		_TMR2_Counter8BitGet		CODE           	72F2	0000	10
		_TMR2_Counter8BitSet		CODE           	72E8	0000	10
		_TMR2_StopTimer		CODE           	7302	0000	6
		_TMR2_WriteTimer		CODE           	72DE	0000	10
		_TMR2_StartTimer		CODE           	730E	0000	6
		_TMR2_ReadTimer		CODE           	731A	0000	6
		_TMR2_HasOverflowOccured		CODE           	70E2	0000	42

mcc_generated_files/tmr2.c estimated size: 132

mcc_generated_files/interrupt_manager.c
		_INTERRUPT_Initialize		CODE           	7324	0000	4
		_INTERRUPT_InterruptManager		CODE           	6DC2	0000	94

mcc_generated_files/interrupt_manager.c estimated size: 98

mcc_generated_files/tmr0.c
		_TMR0_Initialize		CODE           	720C	0000	22

mcc_generated_files/tmr0.c estimated size: 22

C:\Program Files\Microchip\xc8\v2.32\pic\sources\c99\common\lomod.c
		___lomod       		CODE           	64B4	0000	208

C:\Program Files\Microchip\xc8\v2.32\pic\sources\c99\common\lomod.c estimated size: 208

mcc_generated_files/pin_manager.c
		_PIN_MANAGER_Initialize		CODE           	6B0E	0000	150
		_IOCCF5_SetInterruptHandler		CODE           	72A4	0000	14
		_IOCCF1_DefaultInterruptHandler		CODE           	732E	0000	2
		_IOCCF1_ISR    		CODE           	702C	0000	54
		_PIN_MANAGER_IOC		CODE           	70B8	0000	42
		_IOCCF5_DefaultInterruptHandler		CODE           	7330	0000	2
		_IOCCF1_SetInterruptHandler		CODE           	72B2	0000	14
		_IOCCF5_ISR    		CODE           	6FF6	0000	54

mcc_generated_files/pin_manager.c estimated size: 332

C:\Program Files\Microchip\xc8\v2.32\pic\sources\c99\common\nf_fputs.c
		_fputs         		CODE           	6F08	0000	68

C:\Program Files\Microchip\xc8\v2.32\pic\sources\c99\common\nf_fputs.c estimated size: 68

C:\Program Files\Microchip\xc8\v2.32\pic\sources\c99\common\fleq.c
		___fleq        		CODE           	6938	0000	170

C:\Program Files\Microchip\xc8\v2.32\pic\sources\c99\common\fleq.c estimated size: 170

C:\Program Files\Microchip\xc8\v2.32\pic\sources\c99\common\__fpclassifyf.c
		___fpclassifyf 		CODE           	61CC	0000	254

C:\Program Files\Microchip\xc8\v2.32\pic\sources\c99\common\__fpclassifyf.c estimated size: 254

distance-sensor.c
		_hasDistanceErrorOccured		CODE           	719E	0000	32
		_handleEcho    		CODE           	6E74	0000	78
		_calculateDistance		CODE           	56AA	0000	846
		_isDistanceReady		CODE           	717E	0000	32
		_sendTrigger   		CODE           	725E	0000	14
		_getTimerTicks 		CODE           	72CA	0000	10

distance-sensor.c estimated size: 1012

C:\Program Files\Microchip\xc8\v2.32\pic\sources\c99\common\isupper.c
		_isupper       		CODE           	6F86	0000	56

C:\Program Files\Microchip\xc8\v2.32\pic\sources\c99\common\isupper.c estimated size: 56

mcc_generated_files/uart1.c
		_UART1_Write   		CODE           	71DC	0000	24
		_putch         		CODE           	72C0	0000	10
		_UART1_SetFramingErrorHandler		CODE           	7288	0000	14
		_UART1_SetOverrunErrorHandler		CODE           	727A	0000	14
		_UART1_Receive_ISR		CODE           	6584	0000	202
		_UART1_SetRxInterruptHandler		CODE           	726C	0000	14
		_UART1_Initialize		CODE           	6A78	0000	150
		_UART1_SetErrorHandler		CODE           	7296	0000	14
		_UART1_DefaultFramingErrorHandler		CODE           	732C	0000	2
		_UART1_DefaultErrorHandler		CODE           	72FC	0000	6
		_UART1_RxDataHandler		CODE           	708E	0000	42
		_UART1_DefaultOverrunErrorHandler		CODE           	732A	0000	2

mcc_generated_files/uart1.c estimated size: 494

C:\Program Files\Microchip\xc8\v2.32\pic\sources\c99\common\lodiv.c
		___lodiv       		CODE           	63C4	0000	240

C:\Program Files\Microchip\xc8\v2.32\pic\sources\c99\common\lodiv.c estimated size: 240

C:\Program Files\Microchip\xc8\v2.32\pic\sources\c99\common\strncmp.c
		_strncmp       		CODE           	62CA	0000	250

C:\Program Files\Microchip\xc8\v2.32\pic\sources\c99\common\strncmp.c estimated size: 250

C:\Program Files\Microchip\xc8\v2.32\pic\sources\c99\common\tolower.c
		_tolower       		CODE           	6D62	0000	96

C:\Program Files\Microchip\xc8\v2.32\pic\sources\c99\common\tolower.c estimated size: 96

shared
		_FIFO          		SMALLCONST     	0000	0000	0
		_DLC_BYTES     		SMALLCONST     	3801	0000	9
		__initialization		CODE           	6C96	0000	96

shared estimated size: 105

C:\Program Files\Microchip\xc8\v2.32\pic\sources\c99\common\sprcmul.c
		___flmul       		CODE           	4EC2	0000	1102

C:\Program Files\Microchip\xc8\v2.32\pic\sources\c99\common\sprcmul.c estimated size: 1102

C:\Program Files\Microchip\xc8\v2.32\pic\sources\c99\common\awmod.c
		___awmod       		CODE           	6888	0000	176

C:\Program Files\Microchip\xc8\v2.32\pic\sources\c99\common\awmod.c estimated size: 176

mcc_generated_files/mcc.c
		_PMD_Initialize		CODE           	7134	0000	40
		_OSCILLATOR_Initialize		CODE           	71F4	0000	24
		_SYSTEM_Initialize		CODE           	715C	0000	34

mcc_generated_files/mcc.c estimated size: 98

C:\Program Files\Microchip\xc8\v2.32\pic\sources\c99\common\sprcdiv.c
		___fldiv       		CODE           	5310	0000	922

C:\Program Files\Microchip\xc8\v2.32\pic\sources\c99\common\sprcdiv.c estimated size: 922

C:\Program Files\Microchip\xc8\v2.32\pic\sources\c99\common\fltol.c
		___fltol       		CODE           	5FC2	0000	262

C:\Program Files\Microchip\xc8\v2.32\pic\sources\c99\common\fltol.c estimated size: 262

C:\Program Files\Microchip\xc8\v2.32\pic\sources\c99\common\xxtofl.c
		___xxtofl      		CODE           	5E0E	0000	436

C:\Program Files\Microchip\xc8\v2.32\pic\sources\c99\common\xxtofl.c estimated size: 436

C:\Program Files\Microchip\xc8\v2.32\pic\sources\c99\common\printf.c
		_printf        		CODE           	710C	0000	40

C:\Program Files\Microchip\xc8\v2.32\pic\sources\c99\common\printf.c estimated size: 40

C:\Program Files\Microchip\xc8\v2.32\pic\sources\c99\common\nf_fputc.c
		_fputc         		CODE           	69E2	0000	150

C:\Program Files\Microchip\xc8\v2.32\pic\sources\c99\common\nf_fputc.c estimated size: 150

main.c
		_main          		CODE           	67D8	0000	176

main.c estimated size: 176

C:\Program Files\Microchip\xc8\v2.32\pic\sources\c99\common\strlen.c
		_strlen        		CODE           	6F4C	0000	58

C:\Program Files\Microchip\xc8\v2.32\pic\sources\c99\common\strlen.c estimated size: 58

C:\Program Files\Microchip\xc8\v2.32\pic\sources\c99\common\flge.c
		___flge        		CODE           	60C8	0000	260

C:\Program Files\Microchip\xc8\v2.32\pic\sources\c99\common\flge.c estimated size: 260

C:\Program Files\Microchip\xc8\v2.32\pic\sources\c99\common\floorf.c
		_floorf        		CODE           	59F8	0000	530

C:\Program Files\Microchip\xc8\v2.32\pic\sources\c99\common\floorf.c estimated size: 530

C:\Program Files\Microchip\xc8\v2.32\pic\sources\c99\common\strcpy.c
		_strcpy        		CODE           	6CFC	0000	102

C:\Program Files\Microchip\xc8\v2.32\pic\sources\c99\common\strcpy.c estimated size: 102

